Asking to truncate to max_length but no maximum length is provided and the model has no predefined maximum length. Default to no truncation.
Asking to truncate to max_length but no maximum length is provided and the model has no predefined maximum length. Default to no truncation.
/home/wch/workspaces/DAPiGen-reproduction/envs/dapigen-py38/lib/python3.8/site-packages/dgl/heterograph.py:92: DGLWarning: Recommend creating graphs by `dgl.graph(data)` instead of `dgl.DGLGraph(data)`.
  dgl_warning(
/home/wch/workspaces/DAPiGen-reproduction/envs/dapigen-py38/lib/python3.8/site-packages/dgl/heterograph.py:92: DGLWarning: Recommend creating graphs by `dgl.graph(data)` instead of `dgl.DGLGraph(data)`.
  dgl_warning(
[19:58:14] Explicit valence for atom # 1 N, 5, is greater than permitted
[19:58:14] Explicit valence for atom # 1 N, 5, is greater than permitted
[19:58:14] Explicit valence for atom # 1 N, 5, is greater than permitted
[19:58:14] Explicit valence for atom # 1 N, 5, is greater than permitted
[19:58:14] Explicit valence for atom # 1 N, 5, is greater than permitted
[19:58:14] Explicit valence for atom # 1 N, 5, is greater than permitted
[19:58:14] Explicit valence for atom # 1 N, 5, is greater than permitted
[19:58:14] Explicit valence for atom # 1 N, 5, is greater than permitted
[19:58:25] Explicit valence for atom # 1 N, 4, is greater than permitted
[19:58:25] Explicit valence for atom # 1 N, 4, is greater than permitted
[19:58:25] Explicit valence for atom # 1 N, 4, is greater than permitted
[19:58:25] Explicit valence for atom # 1 N, 4, is greater than permitted
[19:58:25] Explicit valence for atom # 1 N, 4, is greater than permitted
[19:58:25] Explicit valence for atom # 1 N, 4, is greater than permitted
[19:58:25] Explicit valence for atom # 1 N, 4, is greater than permitted
[19:58:25] Explicit valence for atom # 1 N, 4, is greater than permitted
[19:58:37] Explicit valence for atom # 1 N, 4, is greater than permitted
[19:58:37] Explicit valence for atom # 1 N, 4, is greater than permitted
[19:58:37] Explicit valence for atom # 1 N, 4, is greater than permitted
[19:58:37] Explicit valence for atom # 1 N, 4, is greater than permitted
[19:58:37] Explicit valence for atom # 1 N, 4, is greater than permitted
[19:58:37] Explicit valence for atom # 1 N, 4, is greater than permitted
[19:58:37] Explicit valence for atom # 1 N, 4, is greater than permitted
[19:58:37] Explicit valence for atom # 1 N, 4, is greater than permitted
[19:58:38] Explicit valence for atom # 1 N, 4, is greater than permitted
[19:58:38] Explicit valence for atom # 1 N, 4, is greater than permitted
[19:58:38] Explicit valence for atom # 1 N, 4, is greater than permitted
[19:58:38] Explicit valence for atom # 1 N, 4, is greater than permitted
[19:58:38] Explicit valence for atom # 1 N, 4, is greater than permitted
[19:58:38] Explicit valence for atom # 1 N, 4, is greater than permitted
[19:58:38] Explicit valence for atom # 1 N, 4, is greater than permitted
[19:58:38] Explicit valence for atom # 1 N, 4, is greater than permitted
[19:59:07] Explicit valence for atom # 1 N, 5, is greater than permitted
[19:59:07] Explicit valence for atom # 1 N, 5, is greater than permitted
[19:59:07] Explicit valence for atom # 1 N, 5, is greater than permitted
[19:59:07] Explicit valence for atom # 1 N, 5, is greater than permitted
[19:59:07] Explicit valence for atom # 1 N, 5, is greater than permitted
[19:59:07] Explicit valence for atom # 1 N, 5, is greater than permitted
[19:59:07] Explicit valence for atom # 1 N, 5, is greater than permitted
[19:59:07] Explicit valence for atom # 1 N, 5, is greater than permitted
[19:59:07] Explicit valence for atom # 1 N, 5, is greater than permitted
[19:59:07] Explicit valence for atom # 1 N, 5, is greater than permitted
[19:59:07] Explicit valence for atom # 1 N, 5, is greater than permitted
[19:59:07] Explicit valence for atom # 1 N, 5, is greater than permitted
[19:59:52] Explicit valence for atom # 1 N, 6, is greater than permitted
[19:59:52] Explicit valence for atom # 1 N, 6, is greater than permitted
[19:59:52] Explicit valence for atom # 1 N, 6, is greater than permitted
[19:59:52] Explicit valence for atom # 1 N, 6, is greater than permitted
[20:00:03] Explicit valence for atom # 1 N, 5, is greater than permitted
[20:00:03] Explicit valence for atom # 1 N, 5, is greater than permitted
[20:00:03] Explicit valence for atom # 1 N, 5, is greater than permitted
[20:00:03] Explicit valence for atom # 1 N, 5, is greater than permitted
[20:00:03] Explicit valence for atom # 1 N, 5, is greater than permitted
[20:00:03] Explicit valence for atom # 1 N, 5, is greater than permitted
[20:00:03] Explicit valence for atom # 1 N, 5, is greater than permitted
[20:00:03] Explicit valence for atom # 1 N, 5, is greater than permitted
[20:00:07] Explicit valence for atom # 1 N, 5, is greater than permitted
[20:00:07] Explicit valence for atom # 1 N, 5, is greater than permitted
[20:00:07] Explicit valence for atom # 1 N, 5, is greater than permitted
[20:00:07] Explicit valence for atom # 1 N, 5, is greater than permitted
[20:00:07] Explicit valence for atom # 1 N, 5, is greater than permitted
[20:00:07] Explicit valence for atom # 1 N, 5, is greater than permitted
[20:00:07] Explicit valence for atom # 1 N, 5, is greater than permitted
[20:00:07] Explicit valence for atom # 1 N, 5, is greater than permitted
[20:00:07] Explicit valence for atom # 1 N, 5, is greater than permitted
[20:00:07] Explicit valence for atom # 1 N, 5, is greater than permitted
[20:00:07] Explicit valence for atom # 1 N, 5, is greater than permitted
[20:00:07] Explicit valence for atom # 1 N, 5, is greater than permitted
[20:00:15] Explicit valence for atom # 1 N, 6, is greater than permitted
[20:00:15] Explicit valence for atom # 1 N, 6, is greater than permitted
[20:00:15] Explicit valence for atom # 1 N, 6, is greater than permitted
[20:00:15] Explicit valence for atom # 1 N, 6, is greater than permitted
[20:00:27] Explicit valence for atom # 1 N, 6, is greater than permitted
[20:00:27] Explicit valence for atom # 1 N, 6, is greater than permitted
[20:00:27] Explicit valence for atom # 1 N, 6, is greater than permitted
[20:00:27] Explicit valence for atom # 1 N, 6, is greater than permitted
[20:00:38] Explicit valence for atom # 1 N, 5, is greater than permitted
[20:00:38] Explicit valence for atom # 1 N, 5, is greater than permitted
[20:00:38] Explicit valence for atom # 1 N, 5, is greater than permitted
[20:00:38] Explicit valence for atom # 1 N, 5, is greater than permitted
[20:00:38] Explicit valence for atom # 1 N, 5, is greater than permitted
[20:00:38] Explicit valence for atom # 1 N, 5, is greater than permitted
[20:00:38] Explicit valence for atom # 1 N, 5, is greater than permitted
[20:00:38] Explicit valence for atom # 1 N, 5, is greater than permitted
[20:00:40] Explicit valence for atom # 1 N, 5, is greater than permitted
[20:00:40] Explicit valence for atom # 1 N, 5, is greater than permitted
[20:00:40] Explicit valence for atom # 1 N, 5, is greater than permitted
[20:00:40] Explicit valence for atom # 1 N, 5, is greater than permitted
[20:00:44] Explicit valence for atom # 1 N, 4, is greater than permitted
[20:00:44] Explicit valence for atom # 1 N, 4, is greater than permitted
[20:00:44] Explicit valence for atom # 1 N, 4, is greater than permitted
[20:00:44] Explicit valence for atom # 1 N, 4, is greater than permitted
[20:00:44] Explicit valence for atom # 1 N, 4, is greater than permitted
[20:00:44] Explicit valence for atom # 1 N, 4, is greater than permitted
[20:00:44] Explicit valence for atom # 1 N, 4, is greater than permitted
[20:00:44] Explicit valence for atom # 1 N, 4, is greater than permitted
[20:00:45] Explicit valence for atom # 1 N, 4, is greater than permitted
[20:00:45] Explicit valence for atom # 1 N, 4, is greater than permitted
[20:00:45] Explicit valence for atom # 1 N, 4, is greater than permitted
[20:00:45] Explicit valence for atom # 1 N, 4, is greater than permitted
[20:00:45] Explicit valence for atom # 1 N, 4, is greater than permitted
[20:00:45] Explicit valence for atom # 1 N, 4, is greater than permitted
[20:00:45] Explicit valence for atom # 1 N, 4, is greater than permitted
[20:00:45] Explicit valence for atom # 1 N, 4, is greater than permitted
[20:00:48] Explicit valence for atom # 1 N, 4, is greater than permitted
[20:00:48] Explicit valence for atom # 1 N, 4, is greater than permitted
[20:00:48] Explicit valence for atom # 1 N, 4, is greater than permitted
[20:00:48] Explicit valence for atom # 1 N, 4, is greater than permitted
[20:00:48] Explicit valence for atom # 1 N, 4, is greater than permitted
[20:00:48] Explicit valence for atom # 1 N, 4, is greater than permitted
[20:00:48] Explicit valence for atom # 1 N, 4, is greater than permitted
[20:00:48] Explicit valence for atom # 1 N, 4, is greater than permitted
[20:00:48] Explicit valence for atom # 1 N, 4, is greater than permitted
[20:00:48] Explicit valence for atom # 1 N, 4, is greater than permitted
[20:00:48] Explicit valence for atom # 1 N, 4, is greater than permitted
[20:00:48] Explicit valence for atom # 1 N, 4, is greater than permitted
[20:01:01] Explicit valence for atom # 1 N, 5, is greater than permitted
[20:01:01] Explicit valence for atom # 1 N, 5, is greater than permitted
[20:01:01] Explicit valence for atom # 1 N, 5, is greater than permitted
[20:01:01] Explicit valence for atom # 1 N, 5, is greater than permitted
[20:01:01] Explicit valence for atom # 1 N, 5, is greater than permitted
[20:01:01] Explicit valence for atom # 1 N, 5, is greater than permitted
[20:01:01] Explicit valence for atom # 1 N, 5, is greater than permitted
[20:01:01] Explicit valence for atom # 1 N, 5, is greater than permitted
[20:01:01] Explicit valence for atom # 1 N, 5, is greater than permitted
[20:01:01] Explicit valence for atom # 1 N, 5, is greater than permitted
[20:01:01] Explicit valence for atom # 1 N, 5, is greater than permitted
[20:01:01] Explicit valence for atom # 1 N, 5, is greater than permitted
[20:01:02] Explicit valence for atom # 1 N, 5, is greater than permitted
[20:01:02] Explicit valence for atom # 1 N, 5, is greater than permitted
[20:01:02] Explicit valence for atom # 1 N, 5, is greater than permitted
[20:01:02] Explicit valence for atom # 1 N, 5, is greater than permitted
[20:01:02] Explicit valence for atom # 1 N, 5, is greater than permitted
[20:01:02] Explicit valence for atom # 1 N, 5, is greater than permitted
[20:01:02] Explicit valence for atom # 1 N, 5, is greater than permitted
[20:01:02] Explicit valence for atom # 1 N, 5, is greater than permitted
[20:01:02] Explicit valence for atom # 1 N, 5, is greater than permitted
[20:01:02] Explicit valence for atom # 1 N, 5, is greater than permitted
[20:01:02] Explicit valence for atom # 1 N, 5, is greater than permitted
[20:01:02] Explicit valence for atom # 1 N, 5, is greater than permitted
Asking to truncate to max_length but no maximum length is provided and the model has no predefined maximum length. Default to no truncation.
[20:01:05] Explicit valence for atom # 1 N, 6, is greater than permitted
[20:01:05] Explicit valence for atom # 1 N, 6, is greater than permitted
[20:01:05] Explicit valence for atom # 1 N, 6, is greater than permitted
[20:01:05] Explicit valence for atom # 1 N, 6, is greater than permitted
/home/wch/workspaces/DAPiGen-reproduction/envs/dapigen-py38/lib/python3.8/site-packages/dgl/heterograph.py:92: DGLWarning: Recommend creating graphs by `dgl.graph(data)` instead of `dgl.DGLGraph(data)`.
  dgl_warning(
[20:01:05] Explicit valence for atom # 1 N, 6, is greater than permitted
[20:01:05] Explicit valence for atom # 1 N, 6, is greater than permitted
[20:01:05] Explicit valence for atom # 1 N, 6, is greater than permitted
[20:01:05] Explicit valence for atom # 1 N, 6, is greater than permitted
[20:01:05] Explicit valence for atom # 1 N, 6, is greater than permitted
[20:01:05] Explicit valence for atom # 1 N, 6, is greater than permitted
[20:01:05] Explicit valence for atom # 1 N, 6, is greater than permitted
[20:01:05] Explicit valence for atom # 1 N, 6, is greater than permitted
[20:01:05] Explicit valence for atom # 1 N, 6, is greater than permitted
[20:01:05] Explicit valence for atom # 1 N, 6, is greater than permitted
[20:01:05] Explicit valence for atom # 1 N, 6, is greater than permitted
[20:01:05] Explicit valence for atom # 1 N, 6, is greater than permitted
[20:01:05] Explicit valence for atom # 1 N, 6, is greater than permitted
[20:01:05] Explicit valence for atom # 1 N, 6, is greater than permitted
[20:01:05] Explicit valence for atom # 1 N, 6, is greater than permitted
[20:01:05] Explicit valence for atom # 1 N, 6, is greater than permitted
[20:01:05] Explicit valence for atom # 1 N, 6, is greater than permitted
[20:01:05] Explicit valence for atom # 1 N, 6, is greater than permitted
[20:01:05] Explicit valence for atom # 1 N, 6, is greater than permitted
[20:01:05] Explicit valence for atom # 1 N, 6, is greater than permitted
[20:01:05] Explicit valence for atom # 1 N, 6, is greater than permitted
[20:01:05] Explicit valence for atom # 1 N, 6, is greater than permitted
[20:01:05] Explicit valence for atom # 1 N, 6, is greater than permitted
[20:01:05] Explicit valence for atom # 1 N, 6, is greater than permitted
[20:01:05] Explicit valence for atom # 1 N, 6, is greater than permitted
[20:01:05] Explicit valence for atom # 1 N, 6, is greater than permitted
[20:01:05] Explicit valence for atom # 1 N, 6, is greater than permitted
[20:01:05] Explicit valence for atom # 1 N, 6, is greater than permitted
[20:01:05] Explicit valence for atom # 1 N, 6, is greater than permitted
[20:01:05] Explicit valence for atom # 1 N, 6, is greater than permitted
[20:01:05] Explicit valence for atom # 1 N, 6, is greater than permitted
[20:01:05] Explicit valence for atom # 1 N, 6, is greater than permitted
[20:01:05] Explicit valence for atom # 1 N, 6, is greater than permitted
[20:01:05] Explicit valence for atom # 1 N, 6, is greater than permitted
[20:01:05] Explicit valence for atom # 1 N, 6, is greater than permitted
[20:01:05] Explicit valence for atom # 1 N, 6, is greater than permitted
[20:01:05] Explicit valence for atom # 1 N, 6, is greater than permitted
[20:01:05] Explicit valence for atom # 1 N, 6, is greater than permitted
[20:01:05] Explicit valence for atom # 1 N, 6, is greater than permitted
[20:01:05] Explicit valence for atom # 1 N, 6, is greater than permitted
[20:01:05] Explicit valence for atom # 1 N, 6, is greater than permitted
[20:01:05] Explicit valence for atom # 1 N, 6, is greater than permitted
[20:01:05] Explicit valence for atom # 1 N, 6, is greater than permitted
[20:01:05] Explicit valence for atom # 1 N, 6, is greater than permitted
[20:01:05] Explicit valence for atom # 1 N, 6, is greater than permitted
[20:01:05] Explicit valence for atom # 1 N, 6, is greater than permitted
[20:01:05] Explicit valence for atom # 1 N, 6, is greater than permitted
[20:01:05] Explicit valence for atom # 1 N, 6, is greater than permitted
[20:01:05] Explicit valence for atom # 1 N, 6, is greater than permitted
[20:01:05] Explicit valence for atom # 1 N, 6, is greater than permitted
[20:01:05] Explicit valence for atom # 1 N, 6, is greater than permitted
[20:01:05] Explicit valence for atom # 1 N, 6, is greater than permitted
[20:01:05] Explicit valence for atom # 1 N, 6, is greater than permitted
[20:01:05] Explicit valence for atom # 1 N, 6, is greater than permitted
[20:01:05] Explicit valence for atom # 1 N, 6, is greater than permitted
[20:01:05] Explicit valence for atom # 1 N, 6, is greater than permitted
[20:01:05] Explicit valence for atom # 1 N, 6, is greater than permitted
[20:01:05] Explicit valence for atom # 1 N, 6, is greater than permitted
[20:01:05] Explicit valence for atom # 1 N, 6, is greater than permitted
[20:01:05] Explicit valence for atom # 1 N, 6, is greater than permitted
[20:01:05] Explicit valence for atom # 1 N, 6, is greater than permitted
[20:01:05] Explicit valence for atom # 1 N, 6, is greater than permitted
[20:01:05] Explicit valence for atom # 1 N, 6, is greater than permitted
[20:01:05] Explicit valence for atom # 1 N, 6, is greater than permitted
[20:01:05] Explicit valence for atom # 1 N, 6, is greater than permitted
[20:01:05] Explicit valence for atom # 1 N, 6, is greater than permitted
[20:01:05] Explicit valence for atom # 1 N, 6, is greater than permitted
[20:01:05] Explicit valence for atom # 1 N, 6, is greater than permitted
[20:01:05] Explicit valence for atom # 1 N, 6, is greater than permitted
[20:01:05] Explicit valence for atom # 1 N, 6, is greater than permitted
[20:01:05] Explicit valence for atom # 1 N, 6, is greater than permitted
[20:01:05] Explicit valence for atom # 1 N, 6, is greater than permitted
[20:01:06] Explicit valence for atom # 1 N, 6, is greater than permitted
[20:01:06] Explicit valence for atom # 1 N, 6, is greater than permitted
[20:01:06] Explicit valence for atom # 1 N, 6, is greater than permitted
[20:01:06] Explicit valence for atom # 1 N, 6, is greater than permitted
[20:01:06] Explicit valence for atom # 1 N, 6, is greater than permitted
[20:01:06] Explicit valence for atom # 1 N, 6, is greater than permitted
[20:01:06] Explicit valence for atom # 1 N, 6, is greater than permitted
[20:01:06] Explicit valence for atom # 1 N, 6, is greater than permitted
[20:01:06] Explicit valence for atom # 1 N, 6, is greater than permitted
[20:01:06] Explicit valence for atom # 1 N, 6, is greater than permitted
[20:01:06] Explicit valence for atom # 1 N, 6, is greater than permitted
[20:01:06] Explicit valence for atom # 1 N, 6, is greater than permitted
[20:01:06] Explicit valence for atom # 1 N, 6, is greater than permitted
[20:01:06] Explicit valence for atom # 1 N, 6, is greater than permitted
[20:01:06] Explicit valence for atom # 1 N, 6, is greater than permitted
[20:01:06] Explicit valence for atom # 1 N, 6, is greater than permitted
[20:01:06] Explicit valence for atom # 1 N, 6, is greater than permitted
[20:01:06] Explicit valence for atom # 1 N, 6, is greater than permitted
[20:01:06] Explicit valence for atom # 1 N, 6, is greater than permitted
[20:01:06] Explicit valence for atom # 1 N, 6, is greater than permitted
[20:01:06] Explicit valence for atom # 1 N, 6, is greater than permitted
[20:01:06] Explicit valence for atom # 1 N, 6, is greater than permitted
[20:01:06] Explicit valence for atom # 1 N, 6, is greater than permitted
[20:01:06] Explicit valence for atom # 1 N, 6, is greater than permitted
[20:01:06] Explicit valence for atom # 1 N, 6, is greater than permitted
[20:01:06] Explicit valence for atom # 1 N, 6, is greater than permitted
[20:01:06] Explicit valence for atom # 1 N, 6, is greater than permitted
[20:01:06] Explicit valence for atom # 1 N, 6, is greater than permitted
[20:01:06] Explicit valence for atom # 1 N, 6, is greater than permitted
[20:01:06] Explicit valence for atom # 1 N, 6, is greater than permitted
[20:01:06] Explicit valence for atom # 1 N, 6, is greater than permitted
[20:01:06] Explicit valence for atom # 1 N, 6, is greater than permitted
[20:01:06] Explicit valence for atom # 1 N, 6, is greater than permitted
[20:01:06] Explicit valence for atom # 1 N, 6, is greater than permitted
[20:01:06] Explicit valence for atom # 1 N, 6, is greater than permitted
[20:01:06] Explicit valence for atom # 1 N, 6, is greater than permitted
[20:01:06] Explicit valence for atom # 1 N, 6, is greater than permitted
[20:01:06] Explicit valence for atom # 1 N, 6, is greater than permitted
[20:01:06] Explicit valence for atom # 1 N, 6, is greater than permitted
[20:01:06] Explicit valence for atom # 1 N, 6, is greater than permitted
[20:01:06] Explicit valence for atom # 1 N, 6, is greater than permitted
[20:01:06] Explicit valence for atom # 1 N, 6, is greater than permitted
[20:01:06] Explicit valence for atom # 1 N, 6, is greater than permitted
[20:01:06] Explicit valence for atom # 1 N, 6, is greater than permitted
[20:01:06] Explicit valence for atom # 1 N, 6, is greater than permitted
[20:01:06] Explicit valence for atom # 1 N, 6, is greater than permitted
[20:01:06] Explicit valence for atom # 1 N, 6, is greater than permitted
[20:01:06] Explicit valence for atom # 1 N, 6, is greater than permitted
[20:01:06] Explicit valence for atom # 1 N, 6, is greater than permitted
[20:01:06] Explicit valence for atom # 1 N, 6, is greater than permitted
[20:01:06] Explicit valence for atom # 1 N, 6, is greater than permitted
[20:01:06] Explicit valence for atom # 1 N, 6, is greater than permitted
[20:01:06] Explicit valence for atom # 1 N, 6, is greater than permitted
[20:01:06] Explicit valence for atom # 1 N, 6, is greater than permitted
[20:01:06] Explicit valence for atom # 1 N, 6, is greater than permitted
[20:01:06] Explicit valence for atom # 1 N, 6, is greater than permitted
[20:01:06] Explicit valence for atom # 1 N, 6, is greater than permitted
[20:01:06] Explicit valence for atom # 1 N, 6, is greater than permitted
[20:01:06] Explicit valence for atom # 1 N, 6, is greater than permitted
[20:01:06] Explicit valence for atom # 1 N, 6, is greater than permitted
[20:01:06] Explicit valence for atom # 1 N, 6, is greater than permitted
[20:01:06] Explicit valence for atom # 1 N, 6, is greater than permitted
[20:01:06] Explicit valence for atom # 1 N, 6, is greater than permitted
[20:01:06] Explicit valence for atom # 1 N, 6, is greater than permitted
[20:01:06] Explicit valence for atom # 1 N, 6, is greater than permitted
[20:01:06] Explicit valence for atom # 1 N, 6, is greater than permitted
[20:01:06] Explicit valence for atom # 1 N, 6, is greater than permitted
[20:01:06] Explicit valence for atom # 1 N, 6, is greater than permitted
[20:01:06] Explicit valence for atom # 1 N, 6, is greater than permitted
[20:01:06] Explicit valence for atom # 1 N, 6, is greater than permitted
[20:01:06] Explicit valence for atom # 1 N, 6, is greater than permitted
[20:01:06] Explicit valence for atom # 1 N, 6, is greater than permitted
[20:01:06] Explicit valence for atom # 1 N, 6, is greater than permitted
[20:01:06] Explicit valence for atom # 1 N, 6, is greater than permitted
[20:01:06] Explicit valence for atom # 1 N, 6, is greater than permitted
[20:01:06] Explicit valence for atom # 1 N, 6, is greater than permitted
[20:01:06] Explicit valence for atom # 1 N, 6, is greater than permitted
[20:01:06] Explicit valence for atom # 1 N, 6, is greater than permitted
[20:01:06] Explicit valence for atom # 1 N, 6, is greater than permitted
[20:01:06] Explicit valence for atom # 1 N, 6, is greater than permitted
[20:01:06] Explicit valence for atom # 1 N, 6, is greater than permitted
[20:01:06] Explicit valence for atom # 1 N, 6, is greater than permitted
[20:01:06] Explicit valence for atom # 1 N, 6, is greater than permitted
[20:01:06] Explicit valence for atom # 1 N, 6, is greater than permitted
[20:01:06] Explicit valence for atom # 1 N, 6, is greater than permitted
[20:01:06] Explicit valence for atom # 1 N, 6, is greater than permitted
[20:01:06] Explicit valence for atom # 1 N, 6, is greater than permitted
[20:01:06] Explicit valence for atom # 1 N, 6, is greater than permitted
[20:01:06] Explicit valence for atom # 1 N, 6, is greater than permitted
[20:01:06] Explicit valence for atom # 1 N, 6, is greater than permitted
[20:01:06] Explicit valence for atom # 1 N, 6, is greater than permitted
[20:01:06] Explicit valence for atom # 1 N, 6, is greater than permitted
[20:01:06] Explicit valence for atom # 1 N, 6, is greater than permitted
[20:01:06] Explicit valence for atom # 1 N, 6, is greater than permitted
[20:01:06] Explicit valence for atom # 1 N, 6, is greater than permitted
[20:01:06] Explicit valence for atom # 1 N, 6, is greater than permitted
[20:01:06] Explicit valence for atom # 1 N, 6, is greater than permitted
[20:01:06] Explicit valence for atom # 1 N, 6, is greater than permitted
[20:01:06] Explicit valence for atom # 1 N, 6, is greater than permitted
[20:01:06] Explicit valence for atom # 1 N, 6, is greater than permitted
[20:01:06] Explicit valence for atom # 1 N, 6, is greater than permitted
[20:01:06] Explicit valence for atom # 1 N, 6, is greater than permitted
[20:01:06] Explicit valence for atom # 1 N, 6, is greater than permitted
[20:01:06] Explicit valence for atom # 1 N, 6, is greater than permitted
[20:01:06] Explicit valence for atom # 1 N, 6, is greater than permitted
[20:01:06] Explicit valence for atom # 1 N, 6, is greater than permitted
[20:01:06] Explicit valence for atom # 1 N, 6, is greater than permitted
[20:01:06] Explicit valence for atom # 1 N, 6, is greater than permitted
[20:01:06] Explicit valence for atom # 1 N, 6, is greater than permitted
[20:01:06] Explicit valence for atom # 1 N, 6, is greater than permitted
[20:01:06] Explicit valence for atom # 1 N, 6, is greater than permitted
[20:01:06] Explicit valence for atom # 1 N, 6, is greater than permitted
[20:01:06] Explicit valence for atom # 1 N, 6, is greater than permitted
[20:01:06] Explicit valence for atom # 1 N, 6, is greater than permitted
[20:01:06] Explicit valence for atom # 1 N, 6, is greater than permitted
[20:01:06] Explicit valence for atom # 1 N, 6, is greater than permitted
[20:01:06] Explicit valence for atom # 1 N, 6, is greater than permitted
[20:01:06] Explicit valence for atom # 1 N, 6, is greater than permitted
[20:01:06] Explicit valence for atom # 1 N, 6, is greater than permitted
[20:01:06] Explicit valence for atom # 1 N, 6, is greater than permitted
[20:01:06] Explicit valence for atom # 1 N, 6, is greater than permitted
[20:01:06] Explicit valence for atom # 1 N, 6, is greater than permitted
[20:01:06] Explicit valence for atom # 1 N, 6, is greater than permitted
[20:01:06] Explicit valence for atom # 1 N, 6, is greater than permitted
[20:01:06] Explicit valence for atom # 1 N, 6, is greater than permitted
[20:01:06] Explicit valence for atom # 1 N, 6, is greater than permitted
[20:01:06] Explicit valence for atom # 1 N, 6, is greater than permitted
[20:01:06] Explicit valence for atom # 1 N, 6, is greater than permitted
[20:01:06] Explicit valence for atom # 1 N, 6, is greater than permitted
[20:01:06] Explicit valence for atom # 1 N, 6, is greater than permitted
[20:01:06] Explicit valence for atom # 1 N, 6, is greater than permitted
[20:01:06] Explicit valence for atom # 1 N, 6, is greater than permitted
[20:01:06] Explicit valence for atom # 1 N, 6, is greater than permitted
[20:01:06] Explicit valence for atom # 1 N, 6, is greater than permitted
[20:01:06] Explicit valence for atom # 1 N, 6, is greater than permitted
[20:01:06] Explicit valence for atom # 1 N, 6, is greater than permitted
[20:01:06] Explicit valence for atom # 1 N, 6, is greater than permitted
[20:01:06] Explicit valence for atom # 1 N, 6, is greater than permitted
[20:01:06] Explicit valence for atom # 1 N, 6, is greater than permitted
[20:01:06] Explicit valence for atom # 1 N, 6, is greater than permitted
[20:01:06] Explicit valence for atom # 1 N, 6, is greater than permitted
[20:01:06] Explicit valence for atom # 1 N, 6, is greater than permitted
[20:01:06] Explicit valence for atom # 1 N, 6, is greater than permitted
[20:01:06] Explicit valence for atom # 1 N, 6, is greater than permitted
[20:01:06] Explicit valence for atom # 1 N, 6, is greater than permitted
[20:01:06] Explicit valence for atom # 1 N, 6, is greater than permitted
[20:01:06] Explicit valence for atom # 1 N, 6, is greater than permitted
[20:01:06] Explicit valence for atom # 1 N, 6, is greater than permitted
[20:01:06] Explicit valence for atom # 1 N, 6, is greater than permitted
[20:01:06] Explicit valence for atom # 1 N, 6, is greater than permitted
[20:01:06] Explicit valence for atom # 1 N, 6, is greater than permitted
[20:01:06] Explicit valence for atom # 1 N, 6, is greater than permitted
[20:01:06] Explicit valence for atom # 1 N, 6, is greater than permitted
[20:01:06] Explicit valence for atom # 1 N, 6, is greater than permitted
[20:01:06] Explicit valence for atom # 1 N, 6, is greater than permitted
[20:01:06] Explicit valence for atom # 1 N, 6, is greater than permitted
[20:01:06] Explicit valence for atom # 1 N, 6, is greater than permitted
[20:01:06] Explicit valence for atom # 1 N, 6, is greater than permitted
[20:01:06] Explicit valence for atom # 1 N, 6, is greater than permitted
[20:01:06] Explicit valence for atom # 1 N, 6, is greater than permitted
[20:01:06] Explicit valence for atom # 1 N, 6, is greater than permitted
[20:01:06] Explicit valence for atom # 1 N, 6, is greater than permitted
[20:01:06] Explicit valence for atom # 1 N, 6, is greater than permitted
[20:01:06] Explicit valence for atom # 1 N, 6, is greater than permitted
[20:01:06] Explicit valence for atom # 1 N, 6, is greater than permitted
[20:01:06] Explicit valence for atom # 1 N, 6, is greater than permitted
[20:01:06] Explicit valence for atom # 1 N, 6, is greater than permitted
[20:01:06] Explicit valence for atom # 1 N, 6, is greater than permitted
[20:01:06] Explicit valence for atom # 1 N, 6, is greater than permitted
[20:01:06] Explicit valence for atom # 1 N, 6, is greater than permitted
[20:01:06] Explicit valence for atom # 1 N, 6, is greater than permitted
[20:01:06] Explicit valence for atom # 1 N, 6, is greater than permitted
[20:01:06] Explicit valence for atom # 1 N, 6, is greater than permitted
[20:01:06] Explicit valence for atom # 1 N, 6, is greater than permitted
[20:01:06] Explicit valence for atom # 1 N, 6, is greater than permitted
[20:01:06] Explicit valence for atom # 1 N, 6, is greater than permitted
[20:01:06] Explicit valence for atom # 1 N, 6, is greater than permitted
[20:01:06] Explicit valence for atom # 1 N, 6, is greater than permitted
[20:01:06] Explicit valence for atom # 1 N, 6, is greater than permitted
[20:01:06] Explicit valence for atom # 1 N, 6, is greater than permitted
[20:01:06] Explicit valence for atom # 1 N, 6, is greater than permitted
[20:01:06] Explicit valence for atom # 1 N, 6, is greater than permitted
[20:01:06] Explicit valence for atom # 1 N, 6, is greater than permitted
[20:01:06] Explicit valence for atom # 1 N, 6, is greater than permitted
[20:01:06] Explicit valence for atom # 1 N, 6, is greater than permitted
[20:01:06] Explicit valence for atom # 1 N, 6, is greater than permitted
[20:01:06] Explicit valence for atom # 1 N, 6, is greater than permitted
[20:01:06] Explicit valence for atom # 1 N, 6, is greater than permitted
[20:01:06] Explicit valence for atom # 1 N, 6, is greater than permitted
[20:01:06] Explicit valence for atom # 1 N, 6, is greater than permitted
[20:01:06] Explicit valence for atom # 1 N, 6, is greater than permitted
[20:01:06] Explicit valence for atom # 1 N, 6, is greater than permitted
[20:01:06] Explicit valence for atom # 1 N, 6, is greater than permitted
[20:01:06] Explicit valence for atom # 1 N, 6, is greater than permitted
[20:01:06] Explicit valence for atom # 1 N, 6, is greater than permitted
[20:01:06] Explicit valence for atom # 1 N, 6, is greater than permitted
[20:01:06] Explicit valence for atom # 1 N, 6, is greater than permitted
[20:01:06] Explicit valence for atom # 1 N, 6, is greater than permitted
[20:01:06] Explicit valence for atom # 1 N, 6, is greater than permitted
[20:01:06] Explicit valence for atom # 1 N, 6, is greater than permitted
[20:01:06] Explicit valence for atom # 1 N, 6, is greater than permitted
[20:01:06] Explicit valence for atom # 1 N, 6, is greater than permitted
[20:01:06] Explicit valence for atom # 1 N, 6, is greater than permitted
[20:01:06] Explicit valence for atom # 1 N, 6, is greater than permitted
[20:01:06] Explicit valence for atom # 1 N, 6, is greater than permitted
[20:01:06] Explicit valence for atom # 1 N, 6, is greater than permitted
[20:01:06] Explicit valence for atom # 1 N, 6, is greater than permitted
[20:01:06] Explicit valence for atom # 1 N, 6, is greater than permitted
[20:01:06] Explicit valence for atom # 1 N, 6, is greater than permitted
[20:01:06] Explicit valence for atom # 1 N, 6, is greater than permitted
[20:01:06] Explicit valence for atom # 1 N, 6, is greater than permitted
[20:01:06] Explicit valence for atom # 1 N, 6, is greater than permitted
[20:01:06] Explicit valence for atom # 1 N, 6, is greater than permitted
[20:01:06] Explicit valence for atom # 1 N, 6, is greater than permitted
[20:01:06] Explicit valence for atom # 1 N, 6, is greater than permitted
[20:01:06] Explicit valence for atom # 1 N, 6, is greater than permitted
[20:01:06] Explicit valence for atom # 1 N, 6, is greater than permitted
[20:01:06] Explicit valence for atom # 1 N, 6, is greater than permitted
[20:01:06] Explicit valence for atom # 1 N, 6, is greater than permitted
[20:01:06] Explicit valence for atom # 1 N, 6, is greater than permitted
[20:01:06] Explicit valence for atom # 1 N, 6, is greater than permitted
[20:01:06] Explicit valence for atom # 1 N, 6, is greater than permitted
[20:01:06] Explicit valence for atom # 1 N, 6, is greater than permitted
[20:01:06] Explicit valence for atom # 1 N, 6, is greater than permitted
[20:01:06] Explicit valence for atom # 1 N, 6, is greater than permitted
[20:01:06] Explicit valence for atom # 1 N, 6, is greater than permitted
[20:01:06] Explicit valence for atom # 1 N, 6, is greater than permitted
[20:01:06] Explicit valence for atom # 1 N, 6, is greater than permitted
[20:01:06] Explicit valence for atom # 1 N, 6, is greater than permitted
[20:01:06] Explicit valence for atom # 1 N, 6, is greater than permitted
[20:01:06] Explicit valence for atom # 1 N, 6, is greater than permitted
[20:01:06] Explicit valence for atom # 1 N, 6, is greater than permitted
[20:01:06] Explicit valence for atom # 1 N, 6, is greater than permitted
[20:01:06] Explicit valence for atom # 1 N, 6, is greater than permitted
[20:01:06] Explicit valence for atom # 1 N, 6, is greater than permitted
[20:01:06] Explicit valence for atom # 1 N, 6, is greater than permitted
[20:01:07] Explicit valence for atom # 1 N, 6, is greater than permitted
[20:01:07] Explicit valence for atom # 1 N, 6, is greater than permitted
[20:01:07] Explicit valence for atom # 1 N, 6, is greater than permitted
[20:01:07] Explicit valence for atom # 1 N, 6, is greater than permitted
[20:01:07] Explicit valence for atom # 1 N, 6, is greater than permitted
[20:01:07] Explicit valence for atom # 1 N, 6, is greater than permitted
[20:01:07] Explicit valence for atom # 1 N, 6, is greater than permitted
[20:01:07] Explicit valence for atom # 1 N, 6, is greater than permitted
[20:01:07] Explicit valence for atom # 1 N, 6, is greater than permitted
[20:01:07] Explicit valence for atom # 1 N, 6, is greater than permitted
[20:01:07] Explicit valence for atom # 1 N, 6, is greater than permitted
[20:01:07] Explicit valence for atom # 1 N, 6, is greater than permitted
[20:01:07] Explicit valence for atom # 1 N, 6, is greater than permitted
[20:01:07] Explicit valence for atom # 1 N, 6, is greater than permitted
[20:01:07] Explicit valence for atom # 1 N, 6, is greater than permitted
[20:01:07] Explicit valence for atom # 1 N, 6, is greater than permitted
[20:01:07] Explicit valence for atom # 1 N, 6, is greater than permitted
[20:01:07] Explicit valence for atom # 1 N, 6, is greater than permitted
[20:01:07] Explicit valence for atom # 1 N, 6, is greater than permitted
[20:01:07] Explicit valence for atom # 1 N, 6, is greater than permitted
[20:01:07] Explicit valence for atom # 1 N, 6, is greater than permitted
[20:01:07] Explicit valence for atom # 1 N, 6, is greater than permitted
[20:01:07] Explicit valence for atom # 1 N, 6, is greater than permitted
[20:01:07] Explicit valence for atom # 1 N, 6, is greater than permitted
[20:01:07] Explicit valence for atom # 1 N, 6, is greater than permitted
[20:01:07] Explicit valence for atom # 1 N, 6, is greater than permitted
[20:01:07] Explicit valence for atom # 1 N, 6, is greater than permitted
[20:01:07] Explicit valence for atom # 1 N, 6, is greater than permitted
[20:01:07] Explicit valence for atom # 1 N, 6, is greater than permitted
[20:01:07] Explicit valence for atom # 1 N, 6, is greater than permitted
[20:01:07] Explicit valence for atom # 1 N, 6, is greater than permitted
[20:01:07] Explicit valence for atom # 1 N, 6, is greater than permitted
[20:01:07] Explicit valence for atom # 1 N, 6, is greater than permitted
[20:01:07] Explicit valence for atom # 1 N, 6, is greater than permitted
[20:01:07] Explicit valence for atom # 1 N, 6, is greater than permitted
[20:01:07] Explicit valence for atom # 1 N, 6, is greater than permitted
[20:01:07] Explicit valence for atom # 1 N, 6, is greater than permitted
[20:01:07] Explicit valence for atom # 1 N, 6, is greater than permitted
[20:01:07] Explicit valence for atom # 1 N, 6, is greater than permitted
[20:01:07] Explicit valence for atom # 1 N, 6, is greater than permitted
[20:01:07] Explicit valence for atom # 1 N, 6, is greater than permitted
[20:01:07] Explicit valence for atom # 1 N, 6, is greater than permitted
[20:01:07] Explicit valence for atom # 1 N, 6, is greater than permitted
[20:01:07] Explicit valence for atom # 1 N, 6, is greater than permitted
[20:01:07] Explicit valence for atom # 1 N, 6, is greater than permitted
[20:01:07] Explicit valence for atom # 1 N, 6, is greater than permitted
[20:01:07] Explicit valence for atom # 1 N, 6, is greater than permitted
[20:01:07] Explicit valence for atom # 1 N, 6, is greater than permitted
[20:01:07] Explicit valence for atom # 1 N, 6, is greater than permitted
[20:01:07] Explicit valence for atom # 1 N, 6, is greater than permitted
[20:01:07] Explicit valence for atom # 1 N, 6, is greater than permitted
[20:01:07] Explicit valence for atom # 1 N, 6, is greater than permitted
[20:01:07] Explicit valence for atom # 1 N, 6, is greater than permitted
[20:01:07] Explicit valence for atom # 1 N, 6, is greater than permitted
[20:01:07] Explicit valence for atom # 1 N, 6, is greater than permitted
[20:01:07] Explicit valence for atom # 1 N, 6, is greater than permitted
[20:01:07] Explicit valence for atom # 1 N, 6, is greater than permitted
[20:01:07] Explicit valence for atom # 1 N, 6, is greater than permitted
[20:01:07] Explicit valence for atom # 1 N, 6, is greater than permitted
[20:01:07] Explicit valence for atom # 1 N, 6, is greater than permitted
[20:01:07] Explicit valence for atom # 1 N, 6, is greater than permitted
[20:01:07] Explicit valence for atom # 1 N, 6, is greater than permitted
[20:01:07] Explicit valence for atom # 1 N, 6, is greater than permitted
[20:01:07] Explicit valence for atom # 1 N, 6, is greater than permitted
[20:01:07] Explicit valence for atom # 1 N, 6, is greater than permitted
[20:01:07] Explicit valence for atom # 1 N, 6, is greater than permitted
[20:01:07] Explicit valence for atom # 1 N, 6, is greater than permitted
[20:01:07] Explicit valence for atom # 1 N, 6, is greater than permitted
[20:01:07] Explicit valence for atom # 1 N, 6, is greater than permitted
[20:01:07] Explicit valence for atom # 1 N, 6, is greater than permitted
[20:01:07] Explicit valence for atom # 1 N, 6, is greater than permitted
[20:01:07] Explicit valence for atom # 1 N, 6, is greater than permitted
[20:01:07] Explicit valence for atom # 1 N, 6, is greater than permitted
[20:01:07] Explicit valence for atom # 1 N, 6, is greater than permitted
[20:01:07] Explicit valence for atom # 1 N, 6, is greater than permitted
[20:01:07] Explicit valence for atom # 1 N, 6, is greater than permitted
[20:01:07] Explicit valence for atom # 1 N, 6, is greater than permitted
[20:01:07] Explicit valence for atom # 1 N, 6, is greater than permitted
[20:01:07] Explicit valence for atom # 1 N, 6, is greater than permitted
[20:01:07] Explicit valence for atom # 1 N, 6, is greater than permitted
[20:01:07] Explicit valence for atom # 1 N, 6, is greater than permitted
[20:01:07] Explicit valence for atom # 1 N, 6, is greater than permitted
[20:01:07] Explicit valence for atom # 1 N, 6, is greater than permitted
[20:01:07] Explicit valence for atom # 1 N, 6, is greater than permitted
[20:01:07] Explicit valence for atom # 1 N, 6, is greater than permitted
[20:01:07] Explicit valence for atom # 1 N, 6, is greater than permitted
[20:01:07] Explicit valence for atom # 1 N, 6, is greater than permitted
[20:01:07] Explicit valence for atom # 1 N, 6, is greater than permitted
[20:01:07] Explicit valence for atom # 1 N, 6, is greater than permitted
[20:01:07] Explicit valence for atom # 1 N, 6, is greater than permitted
[20:01:07] Explicit valence for atom # 1 N, 6, is greater than permitted
[20:01:07] Explicit valence for atom # 1 N, 6, is greater than permitted
[20:01:07] Explicit valence for atom # 1 N, 6, is greater than permitted
[20:01:07] Explicit valence for atom # 1 N, 6, is greater than permitted
[20:01:07] Explicit valence for atom # 1 N, 6, is greater than permitted
[20:01:07] Explicit valence for atom # 1 N, 6, is greater than permitted
[20:01:07] Explicit valence for atom # 1 N, 6, is greater than permitted
[20:01:07] Explicit valence for atom # 1 N, 6, is greater than permitted
[20:01:07] Explicit valence for atom # 1 N, 6, is greater than permitted
[20:01:07] Explicit valence for atom # 1 N, 6, is greater than permitted
[20:01:07] Explicit valence for atom # 1 N, 6, is greater than permitted
[20:01:07] Explicit valence for atom # 1 N, 6, is greater than permitted
[20:01:07] Explicit valence for atom # 1 N, 6, is greater than permitted
[20:01:07] Explicit valence for atom # 1 N, 6, is greater than permitted
[20:01:07] Explicit valence for atom # 1 N, 6, is greater than permitted
[20:01:07] Explicit valence for atom # 1 N, 6, is greater than permitted
[20:01:07] Explicit valence for atom # 1 N, 6, is greater than permitted
[20:01:07] Explicit valence for atom # 1 N, 6, is greater than permitted
[20:01:07] Explicit valence for atom # 1 N, 6, is greater than permitted
[20:01:07] Explicit valence for atom # 1 N, 6, is greater than permitted
[20:01:07] Explicit valence for atom # 1 N, 6, is greater than permitted
[20:01:07] Explicit valence for atom # 1 N, 6, is greater than permitted
[20:01:07] Explicit valence for atom # 1 N, 6, is greater than permitted
[20:01:07] Explicit valence for atom # 1 N, 6, is greater than permitted
[20:01:07] Explicit valence for atom # 1 N, 6, is greater than permitted
[20:01:07] Explicit valence for atom # 1 N, 6, is greater than permitted
[20:01:07] Explicit valence for atom # 1 N, 6, is greater than permitted
[20:01:07] Explicit valence for atom # 1 N, 6, is greater than permitted
[20:01:07] Explicit valence for atom # 1 N, 6, is greater than permitted
[20:01:07] Explicit valence for atom # 1 N, 6, is greater than permitted
[20:01:07] Explicit valence for atom # 1 N, 6, is greater than permitted
[20:01:07] Explicit valence for atom # 1 N, 6, is greater than permitted
[20:01:07] Explicit valence for atom # 1 N, 6, is greater than permitted
[20:01:07] Explicit valence for atom # 1 N, 6, is greater than permitted
[20:01:07] Explicit valence for atom # 1 N, 6, is greater than permitted
[20:01:07] Explicit valence for atom # 1 N, 6, is greater than permitted
[20:01:07] Explicit valence for atom # 1 N, 6, is greater than permitted
[20:01:07] Explicit valence for atom # 1 N, 6, is greater than permitted
[20:01:07] Explicit valence for atom # 1 N, 6, is greater than permitted
[20:01:07] Explicit valence for atom # 1 N, 6, is greater than permitted
[20:01:07] Explicit valence for atom # 1 N, 6, is greater than permitted
[20:01:07] Explicit valence for atom # 1 N, 6, is greater than permitted
[20:01:07] Explicit valence for atom # 1 N, 6, is greater than permitted
[20:01:07] Explicit valence for atom # 1 N, 6, is greater than permitted
[20:01:07] Explicit valence for atom # 1 N, 6, is greater than permitted
[20:01:07] Explicit valence for atom # 1 N, 6, is greater than permitted
[20:01:07] Explicit valence for atom # 1 N, 6, is greater than permitted
[20:01:07] Explicit valence for atom # 1 N, 6, is greater than permitted
[20:01:07] Explicit valence for atom # 1 N, 6, is greater than permitted
[20:01:07] Explicit valence for atom # 1 N, 6, is greater than permitted
[20:01:07] Explicit valence for atom # 1 N, 6, is greater than permitted
[20:01:07] Explicit valence for atom # 1 N, 6, is greater than permitted
[20:01:07] Explicit valence for atom # 1 N, 6, is greater than permitted
[20:01:07] Explicit valence for atom # 1 N, 6, is greater than permitted
[20:01:07] Explicit valence for atom # 1 N, 6, is greater than permitted
[20:01:07] Explicit valence for atom # 1 N, 6, is greater than permitted
[20:01:07] Explicit valence for atom # 1 N, 6, is greater than permitted
[20:01:07] Explicit valence for atom # 1 N, 6, is greater than permitted
[20:01:07] Explicit valence for atom # 1 N, 6, is greater than permitted
[20:01:07] Explicit valence for atom # 1 N, 6, is greater than permitted
[20:01:07] Explicit valence for atom # 1 N, 6, is greater than permitted
[20:01:07] Explicit valence for atom # 1 N, 6, is greater than permitted
[20:01:07] Explicit valence for atom # 1 N, 6, is greater than permitted
[20:01:07] Explicit valence for atom # 1 N, 6, is greater than permitted
[20:01:07] Explicit valence for atom # 1 N, 6, is greater than permitted
[20:01:07] Explicit valence for atom # 1 N, 6, is greater than permitted
[20:01:07] Explicit valence for atom # 1 N, 6, is greater than permitted
[20:01:07] Explicit valence for atom # 1 N, 6, is greater than permitted
[20:01:07] Explicit valence for atom # 1 N, 6, is greater than permitted
[20:01:07] Explicit valence for atom # 1 N, 6, is greater than permitted
[20:01:07] Explicit valence for atom # 1 N, 6, is greater than permitted
[20:01:07] Explicit valence for atom # 1 N, 6, is greater than permitted
[20:01:07] Explicit valence for atom # 1 N, 6, is greater than permitted
[20:01:07] Explicit valence for atom # 1 N, 6, is greater than permitted
[20:01:07] Explicit valence for atom # 1 N, 6, is greater than permitted
[20:01:07] Explicit valence for atom # 1 N, 6, is greater than permitted
[20:01:07] Explicit valence for atom # 1 N, 6, is greater than permitted
[20:01:07] Explicit valence for atom # 1 N, 6, is greater than permitted
[20:01:07] Explicit valence for atom # 1 N, 6, is greater than permitted
[20:01:07] Explicit valence for atom # 1 N, 6, is greater than permitted
[20:01:07] Explicit valence for atom # 1 N, 6, is greater than permitted
[20:01:07] Explicit valence for atom # 1 N, 6, is greater than permitted
[20:01:07] Explicit valence for atom # 1 N, 6, is greater than permitted
[20:01:07] Explicit valence for atom # 1 N, 6, is greater than permitted
[20:01:07] Explicit valence for atom # 1 N, 6, is greater than permitted
[20:01:07] Explicit valence for atom # 1 N, 6, is greater than permitted
[20:01:07] Explicit valence for atom # 1 N, 6, is greater than permitted
[20:01:07] Explicit valence for atom # 1 N, 6, is greater than permitted
[20:01:07] Explicit valence for atom # 1 N, 6, is greater than permitted
[20:01:07] Explicit valence for atom # 1 N, 6, is greater than permitted
[20:01:07] Explicit valence for atom # 1 N, 6, is greater than permitted
[20:01:07] Explicit valence for atom # 1 N, 6, is greater than permitted
[20:01:07] Explicit valence for atom # 1 N, 6, is greater than permitted
[20:01:07] Explicit valence for atom # 1 N, 6, is greater than permitted
[20:01:07] Explicit valence for atom # 1 N, 6, is greater than permitted
[20:01:07] Explicit valence for atom # 1 N, 6, is greater than permitted
[20:01:07] Explicit valence for atom # 1 N, 6, is greater than permitted
[20:01:07] Explicit valence for atom # 1 N, 6, is greater than permitted
[20:01:07] Explicit valence for atom # 1 N, 6, is greater than permitted
[20:01:07] Explicit valence for atom # 1 N, 6, is greater than permitted
[20:01:07] Explicit valence for atom # 1 N, 6, is greater than permitted
[20:01:07] Explicit valence for atom # 1 N, 6, is greater than permitted
[20:01:07] Explicit valence for atom # 1 N, 6, is greater than permitted
[20:01:07] Explicit valence for atom # 1 N, 6, is greater than permitted
[20:01:07] Explicit valence for atom # 1 N, 6, is greater than permitted
[20:01:07] Explicit valence for atom # 1 N, 6, is greater than permitted
[20:01:07] Explicit valence for atom # 1 N, 6, is greater than permitted
[20:01:07] Explicit valence for atom # 1 N, 6, is greater than permitted
[20:01:07] Explicit valence for atom # 1 N, 6, is greater than permitted
[20:01:07] Explicit valence for atom # 1 N, 6, is greater than permitted
/home/wch/workspaces/DAPiGen-reproduction/envs/dapigen-py38/lib/python3.8/site-packages/dgl/heterograph.py:92: DGLWarning: Recommend creating graphs by `dgl.graph(data)` instead of `dgl.DGLGraph(data)`.
  dgl_warning(
[20:01:40] Explicit valence for atom # 1 N, 4, is greater than permitted
[20:01:40] Explicit valence for atom # 1 N, 4, is greater than permitted
[20:01:40] Explicit valence for atom # 1 N, 4, is greater than permitted
[20:01:40] Explicit valence for atom # 1 N, 4, is greater than permitted
[20:01:40] Explicit valence for atom # 1 N, 4, is greater than permitted
[20:01:40] Explicit valence for atom # 1 N, 4, is greater than permitted
[20:01:40] Explicit valence for atom # 1 N, 4, is greater than permitted
[20:01:40] Explicit valence for atom # 1 N, 4, is greater than permitted
[20:01:43] Explicit valence for atom # 1 N, 6, is greater than permitted
[20:01:43] Explicit valence for atom # 1 N, 6, is greater than permitted
[20:01:43] Explicit valence for atom # 1 N, 6, is greater than permitted
[20:01:43] Explicit valence for atom # 1 N, 6, is greater than permitted
[20:01:47] Explicit valence for atom # 1 N, 6, is greater than permitted
[20:01:47] Explicit valence for atom # 1 N, 6, is greater than permitted
[20:01:47] Explicit valence for atom # 1 N, 6, is greater than permitted
[20:01:47] Explicit valence for atom # 1 N, 6, is greater than permitted
[20:01:50] Explicit valence for atom # 1 N, 5, is greater than permitted
[20:01:50] Explicit valence for atom # 1 N, 5, is greater than permitted
[20:01:50] Explicit valence for atom # 1 N, 5, is greater than permitted
[20:01:50] Explicit valence for atom # 1 N, 5, is greater than permitted
[20:01:50] Explicit valence for atom # 1 N, 5, is greater than permitted
[20:01:50] Explicit valence for atom # 1 N, 5, is greater than permitted
[20:01:50] Explicit valence for atom # 1 N, 5, is greater than permitted
[20:01:50] Explicit valence for atom # 1 N, 5, is greater than permitted
[20:01:50] Explicit valence for atom # 1 N, 5, is greater than permitted
[20:01:50] Explicit valence for atom # 1 N, 5, is greater than permitted
[20:01:50] Explicit valence for atom # 1 N, 5, is greater than permitted
[20:01:50] Explicit valence for atom # 1 N, 5, is greater than permitted
[20:01:52] Explicit valence for atom # 1 N, 4, is greater than permitted
[20:01:52] Explicit valence for atom # 1 N, 4, is greater than permitted
[20:01:52] Explicit valence for atom # 1 N, 4, is greater than permitted
[20:01:52] Explicit valence for atom # 1 N, 4, is greater than permitted
[20:01:52] Explicit valence for atom # 1 N, 4, is greater than permitted
[20:01:52] Explicit valence for atom # 1 N, 4, is greater than permitted
[20:01:52] Explicit valence for atom # 1 N, 4, is greater than permitted
[20:01:52] Explicit valence for atom # 1 N, 4, is greater than permitted
Asking to truncate to max_length but no maximum length is provided and the model has no predefined maximum length. Default to no truncation.
/home/wch/workspaces/DAPiGen-reproduction/envs/dapigen-py38/lib/python3.8/site-packages/dgl/heterograph.py:92: DGLWarning: Recommend creating graphs by `dgl.graph(data)` instead of `dgl.DGLGraph(data)`.
  dgl_warning(
Asking to truncate to max_length but no maximum length is provided and the model has no predefined maximum length. Default to no truncation.
Traceback (most recent call last):
  File "reproduction/p4/scripts/run_native_ppo_baseline.py", line 672, in <module>
    main()
  File "reproduction/p4/scripts/run_native_ppo_baseline.py", line 659, in main
    raise RuntimeError("P4-A acceptance gate failed: %s" % checks)
RuntimeError: P4-A acceptance gate failed: {'clean_git': True, 'slurm_execution': True, 'required_host': True, 'accepted_stage0_source_unchanged': True, 'accepted_p1_commit': True, 'accepted_environment': False, 'accepted_task_configuration': True, 'accepted_observation_dimension': True, 'accepted_evaluator': True, 'accepted_objective': True, 'standard_five_step_task': True, 'training_budget_lower_bound': True, 'training_budget_upper_bound': True, 'training_source_isolated': True, 'training_evaluator_valid': True, 'finite_exact_gae_updates': True, 'policy_changed': True, 'policy_version_matches_iterations': True, 'checkpoint_targets_complete': True, 'evaluation_metrics_complete': True, 'checkpoint_roundtrip': True, 'sealed_test_not_accessed': True, 'external_api_not_invoked': True}
srun: error: yanlih100n1: task 0: Exited with exit code 1
