Asking to truncate to max_length but no maximum length is provided and the model has no predefined maximum length. Default to no truncation.
Traceback (most recent call last):
  File "/home/wch/workspaces/DAPiGen-reproduction/envs/dapigen-py38/lib/python3.8/runpy.py", line 194, in _run_module_as_main
    return _run_code(code, main_globals, None,
  File "/home/wch/workspaces/DAPiGen-reproduction/envs/dapigen-py38/lib/python3.8/runpy.py", line 87, in _run_code
    exec(code, run_globals)
  File "/home/wch/workspaces/DAPiGen-reproduction/scicf-online-smoke-v1/reproduction/scicf/online/run_smoke.py", line 468, in <module>
    main()
  File "/home/wch/workspaces/DAPiGen-reproduction/scicf-online-smoke-v1/reproduction/scicf/online/run_smoke.py", line 270, in main
    components, engine, specification, run_contract = build_runtime(
  File "/home/wch/workspaces/DAPiGen-reproduction/scicf-online-smoke-v1/reproduction/scicf/online/run_smoke.py", line 128, in build_runtime
    components = build_stage0_components(
  File "/home/wch/workspaces/DAPiGen-reproduction/scicf-online-smoke-v1/RL_PPO/envs/factory.py", line 279, in build_stage0_components
    terminal_evaluator = PersistentDAPiGenBenchmarkEvaluator(
  File "/home/wch/workspaces/DAPiGen-reproduction/scicf-online-smoke-v1/RL_PPO/envs/evaluator.py", line 689, in __init__
    model, scaler, manifest = self._load_property_model(
  File "/home/wch/workspaces/DAPiGen-reproduction/scicf-online-smoke-v1/RL_PPO/envs/evaluator.py", line 715, in _load_property_model
    raise FileNotFoundError("Required evaluator file is missing: %s" % required)
FileNotFoundError: Required evaluator file is missing: /home/wch/workspaces/DAPiGen-reproduction/scicf-online-smoke-v1/RL_PPO/GNN/model/Ensemble_transmittance(400)_AFP_43.pt
srun: error: yanlih100n1: task 0: Exited with exit code 1
