job_id=4669 host=yanlih100n1 cpus=8
repo_root=/home/wch/workspaces/DAPiGen-reproduction/p2-native-ppo-363fec3-clean
python_bin=/home/wch/workspaces/DAPiGen-reproduction/stage0-v22-dev-20260904/test-venv/bin/python
python_package_root=/home/wch/workspaces/DAPiGen-reproduction/dependencies/p2-gymnasium-0.29.1-py38-363fec3
0, NVIDIA H100 80GB HBM3, GPU-03068b81-fa6b-f9df-55b0-9dceed2a481c, 81559 MiB
1, NVIDIA H100 80GB HBM3, GPU-bec01859-a9c2-4efd-1084-09c6ce93403d, 81559 MiB
2, NVIDIA H100 80GB HBM3, GPU-555c9266-e44c-11f2-5f85-e4fa2c75275e, 81559 MiB
3, NVIDIA H100 80GB HBM3, GPU-c587808a-0204-5c97-2ae1-0adaa8130295, 81559 MiB
4, NVIDIA H100 80GB HBM3, GPU-053e7d1b-f234-548d-79fd-732cfef5e3dc, 81559 MiB
5, NVIDIA H100 80GB HBM3, GPU-710449b3-bffc-9940-dcfc-1d7806b27077, 81559 MiB
6, NVIDIA H100 80GB HBM3, GPU-c3870331-bbb2-2215-7757-9f8d19a6c703, 81559 MiB
7, NVIDIA H100 80GB HBM3, GPU-29796cff-eba6-cbda-3a58-df073afd6aa0, 81559 MiB
dependency_probe gymnasium=0.29.1 torch=2.1.2
.........................                                                [100%]
=============================== warnings summary ===============================
reproduction/p2/tests/test_engine.py::test_ppo_iteration_uses_exact_gae_and_environment_critic_returns
  /home/wch/workspaces/DAPiGen-reproduction/p2-native-ppo-363fec3-clean/reproduction/p2/engine.py:639: UserWarning: The given NumPy array is not writable, and PyTorch does not support non-writable tensors. This means writing to this tensor will result in undefined behavior. You may want to copy the array to protect its data or make it writable before converting it to a tensor. This type of warning will be suppressed for the rest of this program. (Triggered internally at /opt/conda/conda-bld/pytorch_1702400431970/work/torch/csrc/utils/tensor_numpy.cpp:206.)
    "returns": torch.as_tensor(

-- Docs: https://docs.pytest.org/en/stable/how-to/capture-warnings.html
25 passed, 1 warning in 3.82s
