job_id=4659 host=yanlih100n1 cpus=8
repo_root=/home/wch/workspaces/DAPiGen-reproduction/stage0-v23-p1-373b329-clean
python_bin=/home/wch/workspaces/DAPiGen-reproduction/stage0-v22-dev-20260904/test-venv/bin/python
reachable_states=100
............................................                             [100%]
44 passed in 1.95s
{
  "catalog_loader": {
    "diamine": {
      "canonical_duplicates_removed": 0,
      "invalid_rows_removed": 0,
      "raw_rows": 1004,
      "retained_actions": 1004
    },
    "dianhydride": {
      "canonical_duplicates_removed": 0,
      "invalid_rows_removed": 0,
      "raw_rows": 576,
      "retained_actions": 576
    }
  },
  "environment": {
    "chemistry_backend": "dapigen-legacy-chemistry-deterministic-v2:dapigen_custom-sha256-e9f66fcccf1fe399:rdkit-2022.09.5",
    "config": {
      "attachment_label_max": 16,
      "complete_block_policy": "pristine_only",
      "environment_version": "dapigen-stage0-v2.3",
      "failure_reward": 0.0,
      "horizon_semantics": "failure_terminal",
      "include_terminal_candidates_in_info": false,
      "invalid_action_handling": "raise",
      "mask_mode": "closure_exact_cached",
      "max_atoms": 60,
      "max_steps": 5,
      "minimum_diamine_growth_steps": 0,
      "minimum_dianhydride_growth_steps": 0,
      "observation_mode": "augmented_v3",
      "product_selection": "seeded_uniform"
    },
    "diamine_catalog_sha256": "0a91e1b7084692136139379b69a06301ed510750dc8f32220cee0cba6a49100a",
    "diamine_noop_id": 1004,
    "dianhydride_catalog_sha256": "0a021f30b960a251b763ef6c0e0133e4f6d1214c1fa91da272a2cb241693b934",
    "dianhydride_noop_id": 576,
    "encoder_version": "morgan-r2-b256",
    "environment_id": "dapigen:12d2fd24d3287d89f0c4606c",
    "environment_version": "dapigen-stage0-v2.3",
    "initial_diamine_smiles": "[16*]c1ccc(N)cc1",
    "initial_dianhydride_smiles": "[16*]c1ccc2c(c1)C(=O)OC2=O",
    "number_of_diamine_actions": 1005,
    "number_of_dianhydride_actions": 577,
    "observation_dimension": 558,
    "product_selection_estimand": "common-uniform-quantile-over-sorted-unique-products-v1",
    "state_schema_version": 3
  },
  "initial_valid_actions": {
    "diamine": 771,
    "dianhydride": 426
  },
  "mask_build_seconds": 714.5697963237762,
  "output": "/home/wch/workspaces/DAPiGen-reproduction/runs/stage0-v23-p1-373b329/core/catalog_mask_audit.json",
  "reachable_mask_audit": {
    "distinct_state_count": 58,
    "episodes_started": 43,
    "exact_reference_equivalent_seconds": 701.8979511260986,
    "examples": [
      {
        "episode_index": 0,
        "false_negative_action_ids": [],
        "false_positive_action_ids": [
          10,
          11,
          33,
          39,
          42,
          43,
          61,
          78,
          93,
          95,
          104,
          138,
          140,
          141,
          144,
          147,
          149,
          157,
          173,
          174
        ],
        "mask": "compatibility",
        "side": "dianhydride",
        "state_id": "6ea9415de5ceb117de651316",
        "step_index": 0
      },
      {
        "episode_index": 0,
        "false_negative_action_ids": [],
        "false_positive_action_ids": [
          11,
          12,
          21,
          26,
          28,
          30,
          36,
          38,
          39,
          41,
          43,
          44,
          47,
          48,
          50,
          52,
          53,
          56,
          57,
          58
        ],
        "mask": "compatibility",
        "side": "diamine",
        "state_id": "6ea9415de5ceb117de651316",
        "step_index": 0
      },
      {
        "episode_index": 0,
        "false_negative_action_ids": [],
        "false_positive_action_ids": [
          1,
          2,
          3,
          5,
          6,
          7,
          8,
          9,
          22,
          23,
          24,
          27,
          43,
          64,
          69,
          70,
          73,
          74,
          96,
          100
        ],
        "mask": "compatibility",
        "side": "dianhydride",
        "state_id": "3a70a9fbdd9801713ba29053",
        "step_index": 1
      },
      {
        "episode_index": 0,
        "false_negative_action_ids": [],
        "false_positive_action_ids": [
          21,
          26,
          36,
          39,
          50,
          52,
          57,
          59,
          63,
          70,
          74,
          75,
          76,
          77,
          78,
          79,
          80,
          97,
          103,
          104
        ],
        "mask": "compatibility",
        "side": "diamine",
        "state_id": "3a70a9fbdd9801713ba29053",
        "step_index": 1
      },
      {
        "episode_index": 0,
        "false_negative_action_ids": [],
        "false_positive_action_ids": [
          1,
          2,
          3,
          5,
          6,
          7,
          8,
          9,
          22,
          23,
          24,
          27,
          43,
          64,
          69,
          70,
          73,
          74,
          96,
          100
        ],
        "mask": "compatibility",
        "side": "dianhydride",
        "state_id": "141864a01be822867e4af182",
        "step_index": 2
      },
      {
        "episode_index": 1,
        "false_negative_action_ids": [],
        "false_positive_action_ids": [
          10,
          11,
          33,
          39,
          42,
          43,
          61,
          78,
          93,
          95,
          104,
          138,
          140,
          141,
          144,
          147,
          149,
          157,
          173,
          174
        ],
        "mask": "compatibility",
        "side": "dianhydride",
        "state_id": "6ea9415de5ceb117de651316",
        "step_index": 0
      },
      {
        "episode_index": 1,
        "false_negative_action_ids": [],
        "false_positive_action_ids": [
          11,
          12,
          21,
          26,
          28,
          30,
          36,
          38,
          39,
          41,
          43,
          44,
          47,
          48,
          50,
          52,
          53,
          56,
          57,
          58
        ],
        "mask": "compatibility",
        "side": "diamine",
        "state_id": "6ea9415de5ceb117de651316",
        "step_index": 0
      },
      {
        "episode_index": 2,
        "false_negative_action_ids": [],
        "false_positive_action_ids": [
          10,
          11,
          33,
          39,
          42,
          43,
          61,
          78,
          93,
          95,
          104,
          138,
          140,
          141,
          144,
          147,
          149,
          157,
          173,
          174
        ],
        "mask": "compatibility",
        "side": "dianhydride",
        "state_id": "6ea9415de5ceb117de651316",
        "step_index": 0
      },
      {
        "episode_index": 2,
        "false_negative_action_ids": [],
        "false_positive_action_ids": [
          11,
          12,
          21,
          26,
          28,
          30,
          36,
          38,
          39,
          41,
          43,
          44,
          47,
          48,
          50,
          52,
          53,
          56,
          57,
          58
        ],
        "mask": "compatibility",
        "side": "diamine",
        "state_id": "6ea9415de5ceb117de651316",
        "step_index": 0
      },
      {
        "episode_index": 2,
        "false_negative_action_ids": [],
        "false_positive_action_ids": [
          10,
          11,
          33,
          39,
          42,
          43,
          61,
          78,
          93,
          95,
          104,
          138,
          140,
          141,
          144,
          147,
          149,
          157,
          173,
          174
        ],
        "mask": "compatibility",
        "side": "dianhydride",
        "state_id": "5d05ee5688f8940e68d62336",
        "step_index": 2
      },
      {
        "episode_index": 3,
        "false_negative_action_ids": [],
        "false_positive_action_ids": [
          10,
          11,
          33,
          39,
          42,
          43,
          61,
          78,
          93,
          95,
          104,
          138,
          140,
          141,
          144,
          147,
          149,
          157,
          173,
          174
        ],
        "mask": "compatibility",
        "side": "dianhydride",
        "state_id": "6ea9415de5ceb117de651316",
        "step_index": 0
      },
      {
        "episode_index": 3,
        "false_negative_action_ids": [],
        "false_positive_action_ids": [
          11,
          12,
          21,
          26,
          28,
          30,
          36,
          38,
          39,
          41,
          43,
          44,
          47,
          48,
          50,
          52,
          53,
          56,
          57,
          58
        ],
        "mask": "compatibility",
        "side": "diamine",
        "state_id": "6ea9415de5ceb117de651316",
        "step_index": 0
      },
      {
        "episode_index": 4,
        "false_negative_action_ids": [],
        "false_positive_action_ids": [
          10,
          11,
          33,
          39,
          42,
          43,
          61,
          78,
          93,
          95,
          104,
          138,
          140,
          141,
          144,
          147,
          149,
          157,
          173,
          174
        ],
        "mask": "compatibility",
        "side": "dianhydride",
        "state_id": "6ea9415de5ceb117de651316",
        "step_index": 0
      },
      {
        "episode_index": 4,
        "false_negative_action_ids": [],
        "false_positive_action_ids": [
          11,
          12,
          21,
          26,
          28,
          30,
          36,
          38,
          39,
          41,
          43,
          44,
          47,
          48,
          50,
          52,
          53,
          56,
          57,
          58
        ],
        "mask": "compatibility",
        "side": "diamine",
        "state_id": "6ea9415de5ceb117de651316",
        "step_index": 0
      },
      {
        "episode_index": 5,
        "false_negative_action_ids": [],
        "false_positive_action_ids": [
          10,
          11,
          33,
          39,
          42,
          43,
          61,
          78,
          93,
          95,
          104,
          138,
          140,
          141,
          144,
          147,
          149,
          157,
          173,
          174
        ],
        "mask": "compatibility",
        "side": "dianhydride",
        "state_id": "6ea9415de5ceb117de651316",
        "step_index": 0
      },
      {
        "episode_index": 5,
        "false_negative_action_ids": [],
        "false_positive_action_ids": [
          11,
          12,
          21,
          26,
          28,
          30,
          36,
          38,
          39,
          41,
          43,
          44,
          47,
          48,
          50,
          52,
          53,
          56,
          57,
          58
        ],
        "mask": "compatibility",
        "side": "diamine",
        "state_id": "6ea9415de5ceb117de651316",
        "step_index": 0
      },
      {
        "episode_index": 6,
        "false_negative_action_ids": [],
        "false_positive_action_ids": [
          10,
          11,
          33,
          39,
          42,
          43,
          61,
          78,
          93,
          95,
          104,
          138,
          140,
          141,
          144,
          147,
          149,
          157,
          173,
          174
        ],
        "mask": "compatibility",
        "side": "dianhydride",
        "state_id": "6ea9415de5ceb117de651316",
        "step_index": 0
      },
      {
        "episode_index": 6,
        "false_negative_action_ids": [],
        "false_positive_action_ids": [
          11,
          12,
          21,
          26,
          28,
          30,
          36,
          38,
          39,
          41,
          43,
          44,
          47,
          48,
          50,
          52,
          53,
          56,
          57,
          58
        ],
        "mask": "compatibility",
        "side": "diamine",
        "state_id": "6ea9415de5ceb117de651316",
        "step_index": 0
      },
      {
        "episode_index": 7,
        "false_negative_action_ids": [],
        "false_positive_action_ids": [
          10,
          11,
          33,
          39,
          42,
          43,
          61,
          78,
          93,
          95,
          104,
          138,
          140,
          141,
          144,
          147,
          149,
          157,
          173,
          174
        ],
        "mask": "compatibility",
        "side": "dianhydride",
        "state_id": "6ea9415de5ceb117de651316",
        "step_index": 0
      },
      {
        "episode_index": 7,
        "false_negative_action_ids": [],
        "false_positive_action_ids": [
          11,
          12,
          21,
          26,
          28,
          30,
          36,
          38,
          39,
          41,
          43,
          44,
          47,
          48,
          50,
          52,
          53,
          56,
          57,
          58
        ],
        "mask": "compatibility",
        "side": "diamine",
        "state_id": "6ea9415de5ceb117de651316",
        "step_index": 0
      },
      {
        "episode_index": 8,
        "false_negative_action_ids": [],
        "false_positive_action_ids": [
          10,
          11,
          33,
          39,
          42,
          43,
          61,
          78,
          93,
          95,
          104,
          138,
          140,
          141,
          144,
          147,
          149,
          157,
          173,
          174
        ],
        "mask": "compatibility",
        "side": "dianhydride",
        "state_id": "6ea9415de5ceb117de651316",
        "step_index": 0
      },
      {
        "episode_index": 8,
        "false_negative_action_ids": [],
        "false_positive_action_ids": [
          11,
          12,
          21,
          26,
          28,
          30,
          36,
          38,
          39,
          41,
          43,
          44,
          47,
          48,
          50,
          52,
          53,
          56,
          57,
          58
        ],
        "mask": "compatibility",
        "side": "diamine",
        "state_id": "6ea9415de5ceb117de651316",
        "step_index": 0
      },
      {
        "episode_index": 9,
        "false_negative_action_ids": [],
        "false_positive_action_ids": [
          10,
          11,
          33,
          39,
          42,
          43,
          61,
          78,
          93,
          95,
          104,
          138,
          140,
          141,
          144,
          147,
          149,
          157,
          173,
          174
        ],
        "mask": "compatibility",
        "side": "dianhydride",
        "state_id": "6ea9415de5ceb117de651316",
        "step_index": 0
      },
      {
        "episode_index": 9,
        "false_negative_action_ids": [],
        "false_positive_action_ids": [
          11,
          12,
          21,
          26,
          28,
          30,
          36,
          38,
          39,
          41,
          43,
          44,
          47,
          48,
          50,
          52,
          53,
          56,
          57,
          58
        ],
        "mask": "compatibility",
        "side": "diamine",
        "state_id": "6ea9415de5ceb117de651316",
        "step_index": 0
      },
      {
        "episode_index": 9,
        "false_negative_action_ids": [],
        "false_positive_action_ids": [
          9,
          10,
          11,
          12,
          14,
          15,
          16,
          17,
          21,
          26,
          28,
          29,
          30,
          32,
          33,
          35,
          36,
          38,
          39,
          40
        ],
        "mask": "compatibility",
        "side": "diamine",
        "state_id": "8d67474ec77dcc82eab207da",
        "step_index": 1
      },
      {
        "episode_index": 9,
        "false_negative_action_ids": [],
        "false_positive_action_ids": [
          21,
          26,
          36,
          39,
          50,
          52,
          57,
          59,
          63,
          70,
          74,
          75,
          76,
          77,
          78,
          79,
          80,
          83,
          84,
          90
        ],
        "mask": "compatibility",
        "side": "diamine",
        "state_id": "6403b6012a6c23301b989c27",
        "step_index": 3
      },
      {
        "episode_index": 10,
        "false_negative_action_ids": [],
        "false_positive_action_ids": [
          10,
          11,
          33,
          39,
          42,
          43,
          61,
          78,
          93,
          95,
          104,
          138,
          140,
          141,
          144,
          147,
          149,
          157,
          173,
          174
        ],
        "mask": "compatibility",
        "side": "dianhydride",
        "state_id": "6ea9415de5ceb117de651316",
        "step_index": 0
      },
      {
        "episode_index": 10,
        "false_negative_action_ids": [],
        "false_positive_action_ids": [
          11,
          12,
          21,
          26,
          28,
          30,
          36,
          38,
          39,
          41,
          43,
          44,
          47,
          48,
          50,
          52,
          53,
          56,
          57,
          58
        ],
        "mask": "compatibility",
        "side": "diamine",
        "state_id": "6ea9415de5ceb117de651316",
        "step_index": 0
      },
      {
        "episode_index": 10,
        "false_negative_action_ids": [],
        "false_positive_action_ids": [
          11,
          12,
          21,
          26,
          28,
          30,
          36,
          38,
          39,
          41,
          43,
          44,
          47,
          48,
          50,
          52,
          53,
          56,
          57,
          58
        ],
        "mask": "compatibility",
        "side": "diamine",
        "state_id": "41fe14a23596d968468c7c39",
        "step_index": 1
      },
      {
        "episode_index": 10,
        "false_negative_action_ids": [],
        "false_positive_action_ids": [
          11,
          12,
          21,
          26,
          28,
          30,
          36,
          38,
          39,
          41,
          43,
          44,
          47,
          48,
          50,
          52,
          53,
          56,
          57,
          58
        ],
        "mask": "compatibility",
        "side": "diamine",
        "state_id": "e5f1b66fadf2e69ee71bf49e",
        "step_index": 2
      },
      {
        "episode_index": 11,
        "false_negative_action_ids": [],
        "false_positive_action_ids": [
          10,
          11,
          33,
          39,
          42,
          43,
          61,
          78,
          93,
          95,
          104,
          138,
          140,
          141,
          144,
          147,
          149,
          157,
          173,
          174
        ],
        "mask": "compatibility",
        "side": "dianhydride",
        "state_id": "6ea9415de5ceb117de651316",
        "step_index": 0
      },
      {
        "episode_index": 11,
        "false_negative_action_ids": [],
        "false_positive_action_ids": [
          11,
          12,
          21,
          26,
          28,
          30,
          36,
          38,
          39,
          41,
          43,
          44,
          47,
          48,
          50,
          52,
          53,
          56,
          57,
          58
        ],
        "mask": "compatibility",
        "side": "diamine",
        "state_id": "6ea9415de5ceb117de651316",
        "step_index": 0
      },
      {
        "episode_index": 11,
        "false_negative_action_ids": [],
        "false_positive_action_ids": [
          9,
          10,
          11,
          12,
          14,
          15,
          16,
          17,
          21,
          26,
          28,
          29,
          30,
          32,
          33,
          35,
          36,
          38,
          39,
          40
        ],
        "mask": "compatibility",
        "side": "diamine",
        "state_id": "2f8d5e8a91f13588d9fe7a1e",
        "step_index": 1
      },
      {
        "episode_index": 11,
        "false_negative_action_ids": [],
        "false_positive_action_ids": [
          21,
          26,
          36,
          39,
          50,
          52,
          57,
          59,
          63,
          70,
          74,
          75,
          76,
          77,
          78,
          79,
          80,
          83,
          84,
          90
        ],
        "mask": "compatibility",
        "side": "diamine",
        "state_id": "1080cb5968a387851a943764",
        "step_index": 2
      },
      {
        "episode_index": 11,
        "false_negative_action_ids": [],
        "false_positive_action_ids": [
          9,
          10,
          11,
          12,
          14,
          15,
          16,
          17,
          21,
          26,
          28,
          29,
          30,
          32,
          33,
          35,
          36,
          38,
          39,
          40
        ],
        "mask": "compatibility",
        "side": "diamine",
        "state_id": "36ca5cb92ecc4c2a39276fc7",
        "step_index": 3
      },
      {
        "episode_index": 12,
        "false_negative_action_ids": [],
        "false_positive_action_ids": [
          10,
          11,
          33,
          39,
          42,
          43,
          61,
          78,
          93,
          95,
          104,
          138,
          140,
          141,
          144,
          147,
          149,
          157,
          173,
          174
        ],
        "mask": "compatibility",
        "side": "dianhydride",
        "state_id": "6ea9415de5ceb117de651316",
        "step_index": 0
      },
      {
        "episode_index": 12,
        "false_negative_action_ids": [],
        "false_positive_action_ids": [
          11,
          12,
          21,
          26,
          28,
          30,
          36,
          38,
          39,
          41,
          43,
          44,
          47,
          48,
          50,
          52,
          53,
          56,
          57,
          58
        ],
        "mask": "compatibility",
        "side": "diamine",
        "state_id": "6ea9415de5ceb117de651316",
        "step_index": 0
      },
      {
        "episode_index": 12,
        "false_negative_action_ids": [],
        "false_positive_action_ids": [
          21,
          26,
          36,
          39,
          50,
          52,
          57,
          59,
          63,
          70,
          74,
          75,
          76,
          77,
          78,
          79,
          80,
          97,
          103,
          104
        ],
        "mask": "compatibility",
        "side": "diamine",
        "state_id": "a56c5f9013724bb01b37b8bf",
        "step_index": 1
      },
      {
        "episode_index": 12,
        "false_negative_action_ids": [],
        "false_positive_action_ids": [
          9,
          10,
          12,
          14,
          15,
          16,
          17,
          29,
          32,
          33,
          35,
          38,
          40,
          44,
          48,
          49,
          54,
          55,
          56,
          58
        ],
        "mask": "compatibility",
        "side": "diamine",
        "state_id": "d980a5739f016e4e7d7436ec",
        "step_index": 2
      },
      {
        "episode_index": 12,
        "false_negative_action_ids": [],
        "false_positive_action_ids": [
          9,
          10,
          12,
          14,
          15,
          16,
          17,
          29,
          32,
          33,
          35,
          38,
          40,
          44,
          48,
          49,
          54,
          55,
          56,
          58
        ],
        "mask": "compatibility",
        "side": "diamine",
        "state_id": "f779405d34ebe1b8404fb1ca",
        "step_index": 3
      },
      {
        "episode_index": 12,
        "false_negative_action_ids": [],
        "false_positive_action_ids": [
          9,
          10,
          12,
          14,
          15,
          16,
          17,
          29,
          32,
          33,
          35,
          38,
          40,
          44,
          48,
          49,
          54,
          55,
          56,
          58
        ],
        "mask": "compatibility",
        "side": "diamine",
        "state_id": "387a675e564bf49453a7a6a7",
        "step_index": 4
      },
      {
        "episode_index": 13,
        "false_negative_action_ids": [],
        "false_positive_action_ids": [
          10,
          11,
          33,
          39,
          42,
          43,
          61,
          78,
          93,
          95,
          104,
          138,
          140,
          141,
          144,
          147,
          149,
          157,
          173,
          174
        ],
        "mask": "compatibility",
        "side": "dianhydride",
        "state_id": "6ea9415de5ceb117de651316",
        "step_index": 0
      },
      {
        "episode_index": 13,
        "false_negative_action_ids": [],
        "false_positive_action_ids": [
          11,
          12,
          21,
          26,
          28,
          30,
          36,
          38,
          39,
          41,
          43,
          44,
          47,
          48,
          50,
          52,
          53,
          56,
          57,
          58
        ],
        "mask": "compatibility",
        "side": "diamine",
        "state_id": "6ea9415de5ceb117de651316",
        "step_index": 0
      },
      {
        "episode_index": 13,
        "false_negative_action_ids": [],
        "false_positive_action_ids": [
          21,
          26,
          36,
          39,
          50,
          52,
          57,
          59,
          63,
          70,
          74,
          75,
          76,
          77,
          78,
          79,
          80,
          97,
          103,
          104
        ],
        "mask": "compatibility",
        "side": "diamine",
        "state_id": "e8219e91f374b49681ff1c23",
        "step_index": 1
      },
      {
        "episode_index": 14,
        "false_negative_action_ids": [],
        "false_positive_action_ids": [
          10,
          11,
          33,
          39,
          42,
          43,
          61,
          78,
          93,
          95,
          104,
          138,
          140,
          141,
          144,
          147,
          149,
          157,
          173,
          174
        ],
        "mask": "compatibility",
        "side": "dianhydride",
        "state_id": "6ea9415de5ceb117de651316",
        "step_index": 0
      },
      {
        "episode_index": 14,
        "false_negative_action_ids": [],
        "false_positive_action_ids": [
          11,
          12,
          21,
          26,
          28,
          30,
          36,
          38,
          39,
          41,
          43,
          44,
          47,
          48,
          50,
          52,
          53,
          56,
          57,
          58
        ],
        "mask": "compatibility",
        "side": "diamine",
        "state_id": "6ea9415de5ceb117de651316",
        "step_index": 0
      },
      {
        "episode_index": 15,
        "false_negative_action_ids": [],
        "false_positive_action_ids": [
          10,
          11,
          33,
          39,
          42,
          43,
          61,
          78,
          93,
          95,
          104,
          138,
          140,
          141,
          144,
          147,
          149,
          157,
          173,
          174
        ],
        "mask": "compatibility",
        "side": "dianhydride",
        "state_id": "6ea9415de5ceb117de651316",
        "step_index": 0
      },
      {
        "episode_index": 15,
        "false_negative_action_ids": [],
        "false_positive_action_ids": [
          11,
          12,
          21,
          26,
          28,
          30,
          36,
          38,
          39,
          41,
          43,
          44,
          47,
          48,
          50,
          52,
          53,
          56,
          57,
          58
        ],
        "mask": "compatibility",
        "side": "diamine",
        "state_id": "6ea9415de5ceb117de651316",
        "step_index": 0
      },
      {
        "episode_index": 15,
        "false_negative_action_ids": [],
        "false_positive_action_ids": [
          42,
          43,
          61,
          104,
          138,
          141,
          157,
          173,
          174,
          182,
          229,
          285,
          291,
          296,
          299,
          300,
          322,
          334,
          360,
          361
        ],
        "mask": "compatibility",
        "side": "dianhydride",
        "state_id": "30f0723664b606ce61d37def",
        "step_index": 1
      },
      {
        "episode_index": 15,
        "false_negative_action_ids": [],
        "false_positive_action_ids": [
          10,
          11,
          33,
          39,
          42,
          43,
          61,
          78,
          93,
          95,
          104,
          138,
          140,
          141,
          144,
          147,
          149,
          157,
          173,
          174
        ],
        "mask": "compatibility",
        "side": "dianhydride",
        "state_id": "49677cd4e4da768791e972c8",
        "step_index": 2
      },
      {
        "episode_index": 16,
        "false_negative_action_ids": [],
        "false_positive_action_ids": [
          10,
          11,
          33,
          39,
          42,
          43,
          61,
          78,
          93,
          95,
          104,
          138,
          140,
          141,
          144,
          147,
          149,
          157,
          173,
          174
        ],
        "mask": "compatibility",
        "side": "dianhydride",
        "state_id": "6ea9415de5ceb117de651316",
        "step_index": 0
      },
      {
        "episode_index": 16,
        "false_negative_action_ids": [],
        "false_positive_action_ids": [
          11,
          12,
          21,
          26,
          28,
          30,
          36,
          38,
          39,
          41,
          43,
          44,
          47,
          48,
          50,
          52,
          53,
          56,
          57,
          58
        ],
        "mask": "compatibility",
        "side": "diamine",
        "state_id": "6ea9415de5ceb117de651316",
        "step_index": 0
      },
      {
        "episode_index": 16,
        "false_negative_action_ids": [],
        "false_positive_action_ids": [
          10,
          11,
          33,
          39,
          42,
          43,
          61,
          78,
          93,
          95,
          104,
          138,
          140,
          141,
          144,
          147,
          149,
          157,
          173,
          174
        ],
        "mask": "compatibility",
        "side": "dianhydride",
        "state_id": "e2c6b99a2b16ba266d88af71",
        "step_index": 1
      },
      {
        "episode_index": 16,
        "false_negative_action_ids": [],
        "false_positive_action_ids": [
          10,
          11,
          33,
          39,
          42,
          43,
          61,
          78,
          93,
          95,
          104,
          138,
          140,
          141,
          144,
          147,
          149,
          157,
          173,
          174
        ],
        "mask": "compatibility",
        "side": "dianhydride",
        "state_id": "abd726a0dcd459f8eb5a69c7",
        "step_index": 2
      },
      {
        "episode_index": 16,
        "false_negative_action_ids": [],
        "false_positive_action_ids": [
          42,
          43,
          61,
          104,
          138,
          141,
          157,
          168,
          173,
          174,
          175,
          181,
          182,
          188,
          189,
          229,
          285,
          291,
          293,
          296
        ],
        "mask": "compatibility",
        "side": "dianhydride",
        "state_id": "a608494ca3b8aa0bd58f3759",
        "step_index": 3
      },
      {
        "episode_index": 17,
        "false_negative_action_ids": [],
        "false_positive_action_ids": [
          10,
          11,
          33,
          39,
          42,
          43,
          61,
          78,
          93,
          95,
          104,
          138,
          140,
          141,
          144,
          147,
          149,
          157,
          173,
          174
        ],
        "mask": "compatibility",
        "side": "dianhydride",
        "state_id": "6ea9415de5ceb117de651316",
        "step_index": 0
      },
      {
        "episode_index": 17,
        "false_negative_action_ids": [],
        "false_positive_action_ids": [
          11,
          12,
          21,
          26,
          28,
          30,
          36,
          38,
          39,
          41,
          43,
          44,
          47,
          48,
          50,
          52,
          53,
          56,
          57,
          58
        ],
        "mask": "compatibility",
        "side": "diamine",
        "state_id": "6ea9415de5ceb117de651316",
        "step_index": 0
      },
      {
        "episode_index": 18,
        "false_negative_action_ids": [],
        "false_positive_action_ids": [
          10,
          11,
          33,
          39,
          42,
          43,
          61,
          78,
          93,
          95,
          104,
          138,
          140,
          141,
          144,
          147,
          149,
          157,
          173,
          174
        ],
        "mask": "compatibility",
        "side": "dianhydride",
        "state_id": "6ea9415de5ceb117de651316",
        "step_index": 0
      },
      {
        "episode_index": 18,
        "false_negative_action_ids": [],
        "false_positive_action_ids": [
          11,
          12,
          21,
          26,
          28,
          30,
          36,
          38,
          39,
          41,
          43,
          44,
          47,
          48,
          50,
          52,
          53,
          56,
          57,
          58
        ],
        "mask": "compatibility",
        "side": "diamine",
        "state_id": "6ea9415de5ceb117de651316",
        "step_index": 0
      },
      {
        "episode_index": 19,
        "false_negative_action_ids": [],
        "false_positive_action_ids": [
          10,
          11,
          33,
          39,
          42,
          43,
          61,
          78,
          93,
          95,
          104,
          138,
          140,
          141,
          144,
          147,
          149,
          157,
          173,
          174
        ],
        "mask": "compatibility",
        "side": "dianhydride",
        "state_id": "6ea9415de5ceb117de651316",
        "step_index": 0
      },
      {
        "episode_index": 19,
        "false_negative_action_ids": [],
        "false_positive_action_ids": [
          11,
          12,
          21,
          26,
          28,
          30,
          36,
          38,
          39,
          41,
          43,
          44,
          47,
          48,
          50,
          52,
          53,
          56,
          57,
          58
        ],
        "mask": "compatibility",
        "side": "diamine",
        "state_id": "6ea9415de5ceb117de651316",
        "step_index": 0
      },
      {
        "episode_index": 19,
        "false_negative_action_ids": [],
        "false_positive_action_ids": [
          21,
          26,
          36,
          39,
          50,
          52,
          57,
          59,
          63,
          70,
          74,
          75,
          76,
          77,
          78,
          79,
          80,
          97,
          103,
          104
        ],
        "mask": "compatibility",
        "side": "diamine",
        "state_id": "8d8b60c0d32476e87adff52c",
        "step_index": 1
      },
      {
        "episode_index": 20,
        "false_negative_action_ids": [],
        "false_positive_action_ids": [
          10,
          11,
          33,
          39,
          42,
          43,
          61,
          78,
          93,
          95,
          104,
          138,
          140,
          141,
          144,
          147,
          149,
          157,
          173,
          174
        ],
        "mask": "compatibility",
        "side": "dianhydride",
        "state_id": "6ea9415de5ceb117de651316",
        "step_index": 0
      },
      {
        "episode_index": 20,
        "false_negative_action_ids": [],
        "false_positive_action_ids": [
          11,
          12,
          21,
          26,
          28,
          30,
          36,
          38,
          39,
          41,
          43,
          44,
          47,
          48,
          50,
          52,
          53,
          56,
          57,
          58
        ],
        "mask": "compatibility",
        "side": "diamine",
        "state_id": "6ea9415de5ceb117de651316",
        "step_index": 0
      },
      {
        "episode_index": 21,
        "false_negative_action_ids": [],
        "false_positive_action_ids": [
          10,
          11,
          33,
          39,
          42,
          43,
          61,
          78,
          93,
          95,
          104,
          138,
          140,
          141,
          144,
          147,
          149,
          157,
          173,
          174
        ],
        "mask": "compatibility",
        "side": "dianhydride",
        "state_id": "6ea9415de5ceb117de651316",
        "step_index": 0
      },
      {
        "episode_index": 21,
        "false_negative_action_ids": [],
        "false_positive_action_ids": [
          11,
          12,
          21,
          26,
          28,
          30,
          36,
          38,
          39,
          41,
          43,
          44,
          47,
          48,
          50,
          52,
          53,
          56,
          57,
          58
        ],
        "mask": "compatibility",
        "side": "diamine",
        "state_id": "6ea9415de5ceb117de651316",
        "step_index": 0
      },
      {
        "episode_index": 22,
        "false_negative_action_ids": [],
        "false_positive_action_ids": [
          10,
          11,
          33,
          39,
          42,
          43,
          61,
          78,
          93,
          95,
          104,
          138,
          140,
          141,
          144,
          147,
          149,
          157,
          173,
          174
        ],
        "mask": "compatibility",
        "side": "dianhydride",
        "state_id": "6ea9415de5ceb117de651316",
        "step_index": 0
      },
      {
        "episode_index": 22,
        "false_negative_action_ids": [],
        "false_positive_action_ids": [
          11,
          12,
          21,
          26,
          28,
          30,
          36,
          38,
          39,
          41,
          43,
          44,
          47,
          48,
          50,
          52,
          53,
          56,
          57,
          58
        ],
        "mask": "compatibility",
        "side": "diamine",
        "state_id": "6ea9415de5ceb117de651316",
        "step_index": 0
      },
      {
        "episode_index": 23,
        "false_negative_action_ids": [],
        "false_positive_action_ids": [
          10,
          11,
          33,
          39,
          42,
          43,
          61,
          78,
          93,
          95,
          104,
          138,
          140,
          141,
          144,
          147,
          149,
          157,
          173,
          174
        ],
        "mask": "compatibility",
        "side": "dianhydride",
        "state_id": "6ea9415de5ceb117de651316",
        "step_index": 0
      },
      {
        "episode_index": 23,
        "false_negative_action_ids": [],
        "false_positive_action_ids": [
          11,
          12,
          21,
          26,
          28,
          30,
          36,
          38,
          39,
          41,
          43,
          44,
          47,
          48,
          50,
          52,
          53,
          56,
          57,
          58
        ],
        "mask": "compatibility",
        "side": "diamine",
        "state_id": "6ea9415de5ceb117de651316",
        "step_index": 0
      },
      {
        "episode_index": 24,
        "false_negative_action_ids": [],
        "false_positive_action_ids": [
          10,
          11,
          33,
          39,
          42,
          43,
          61,
          78,
          93,
          95,
          104,
          138,
          140,
          141,
          144,
          147,
          149,
          157,
          173,
          174
        ],
        "mask": "compatibility",
        "side": "dianhydride",
        "state_id": "6ea9415de5ceb117de651316",
        "step_index": 0
      },
      {
        "episode_index": 24,
        "false_negative_action_ids": [],
        "false_positive_action_ids": [
          11,
          12,
          21,
          26,
          28,
          30,
          36,
          38,
          39,
          41,
          43,
          44,
          47,
          48,
          50,
          52,
          53,
          56,
          57,
          58
        ],
        "mask": "compatibility",
        "side": "diamine",
        "state_id": "6ea9415de5ceb117de651316",
        "step_index": 0
      },
      {
        "episode_index": 24,
        "false_negative_action_ids": [],
        "false_positive_action_ids": [
          42,
          43,
          61,
          104,
          138,
          141,
          157,
          173,
          174,
          182,
          229,
          285,
          291,
          296,
          299,
          300,
          322,
          334,
          360,
          361
        ],
        "mask": "compatibility",
        "side": "dianhydride",
        "state_id": "bdad946705805f7a1fe301d2",
        "step_index": 1
      },
      {
        "episode_index": 24,
        "false_negative_action_ids": [],
        "false_positive_action_ids": [
          10,
          11,
          33,
          39,
          42,
          43,
          61,
          78,
          93,
          95,
          104,
          138,
          140,
          141,
          144,
          147,
          149,
          157,
          173,
          174
        ],
        "mask": "compatibility",
        "side": "dianhydride",
        "state_id": "a71238c96d89d7976383af2f",
        "step_index": 2
      },
      {
        "episode_index": 25,
        "false_negative_action_ids": [],
        "false_positive_action_ids": [
          10,
          11,
          33,
          39,
          42,
          43,
          61,
          78,
          93,
          95,
          104,
          138,
          140,
          141,
          144,
          147,
          149,
          157,
          173,
          174
        ],
        "mask": "compatibility",
        "side": "dianhydride",
        "state_id": "6ea9415de5ceb117de651316",
        "step_index": 0
      },
      {
        "episode_index": 25,
        "false_negative_action_ids": [],
        "false_positive_action_ids": [
          11,
          12,
          21,
          26,
          28,
          30,
          36,
          38,
          39,
          41,
          43,
          44,
          47,
          48,
          50,
          52,
          53,
          56,
          57,
          58
        ],
        "mask": "compatibility",
        "side": "diamine",
        "state_id": "6ea9415de5ceb117de651316",
        "step_index": 0
      },
      {
        "episode_index": 26,
        "false_negative_action_ids": [],
        "false_positive_action_ids": [
          10,
          11,
          33,
          39,
          42,
          43,
          61,
          78,
          93,
          95,
          104,
          138,
          140,
          141,
          144,
          147,
          149,
          157,
          173,
          174
        ],
        "mask": "compatibility",
        "side": "dianhydride",
        "state_id": "6ea9415de5ceb117de651316",
        "step_index": 0
      },
      {
        "episode_index": 26,
        "false_negative_action_ids": [],
        "false_positive_action_ids": [
          11,
          12,
          21,
          26,
          28,
          30,
          36,
          38,
          39,
          41,
          43,
          44,
          47,
          48,
          50,
          52,
          53,
          56,
          57,
          58
        ],
        "mask": "compatibility",
        "side": "diamine",
        "state_id": "6ea9415de5ceb117de651316",
        "step_index": 0
      },
      {
        "episode_index": 26,
        "false_negative_action_ids": [],
        "false_positive_action_ids": [
          10,
          11,
          33,
          39,
          42,
          43,
          61,
          78,
          93,
          95,
          104,
          138,
          140,
          141,
          144,
          147,
          149,
          157,
          173,
          174
        ],
        "mask": "compatibility",
        "side": "dianhydride",
        "state_id": "7d073675c580e8a53891bf4d",
        "step_index": 1
      },
      {
        "episode_index": 26,
        "false_negative_action_ids": [],
        "false_positive_action_ids": [
          21,
          26,
          36,
          39,
          50,
          52,
          57,
          59,
          63,
          70,
          74,
          75,
          76,
          77,
          78,
          79,
          80,
          97,
          103,
          104
        ],
        "mask": "compatibility",
        "side": "diamine",
        "state_id": "7d073675c580e8a53891bf4d",
        "step_index": 1
      },
      {
        "episode_index": 27,
        "false_negative_action_ids": [],
        "false_positive_action_ids": [
          10,
          11,
          33,
          39,
          42,
          43,
          61,
          78,
          93,
          95,
          104,
          138,
          140,
          141,
          144,
          147,
          149,
          157,
          173,
          174
        ],
        "mask": "compatibility",
        "side": "dianhydride",
        "state_id": "6ea9415de5ceb117de651316",
        "step_index": 0
      },
      {
        "episode_index": 27,
        "false_negative_action_ids": [],
        "false_positive_action_ids": [
          11,
          12,
          21,
          26,
          28,
          30,
          36,
          38,
          39,
          41,
          43,
          44,
          47,
          48,
          50,
          52,
          53,
          56,
          57,
          58
        ],
        "mask": "compatibility",
        "side": "diamine",
        "state_id": "6ea9415de5ceb117de651316",
        "step_index": 0
      },
      {
        "episode_index": 27,
        "false_negative_action_ids": [],
        "false_positive_action_ids": [
          21,
          26,
          36,
          39,
          50,
          52,
          57,
          59,
          63,
          70,
          74,
          75,
          76,
          77,
          78,
          79,
          80,
          97,
          103,
          104
        ],
        "mask": "compatibility",
        "side": "diamine",
        "state_id": "a445a3de1a3557572d2674a0",
        "step_index": 1
      },
      {
        "episode_index": 28,
        "false_negative_action_ids": [],
        "false_positive_action_ids": [
          10,
          11,
          33,
          39,
          42,
          43,
          61,
          78,
          93,
          95,
          104,
          138,
          140,
          141,
          144,
          147,
          149,
          157,
          173,
          174
        ],
        "mask": "compatibility",
        "side": "dianhydride",
        "state_id": "6ea9415de5ceb117de651316",
        "step_index": 0
      },
      {
        "episode_index": 28,
        "false_negative_action_ids": [],
        "false_positive_action_ids": [
          11,
          12,
          21,
          26,
          28,
          30,
          36,
          38,
          39,
          41,
          43,
          44,
          47,
          48,
          50,
          52,
          53,
          56,
          57,
          58
        ],
        "mask": "compatibility",
        "side": "diamine",
        "state_id": "6ea9415de5ceb117de651316",
        "step_index": 0
      },
      {
        "episode_index": 28,
        "false_negative_action_ids": [],
        "false_positive_action_ids": [
          21,
          26,
          36,
          39,
          50,
          52,
          57,
          59,
          63,
          70,
          74,
          75,
          76,
          77,
          78,
          79,
          80,
          97,
          103,
          104
        ],
        "mask": "compatibility",
        "side": "diamine",
        "state_id": "6fb91c5df567e2ed4d04345e",
        "step_index": 1
      },
      {
        "episode_index": 28,
        "false_negative_action_ids": [],
        "false_positive_action_ids": [
          11,
          12,
          21,
          26,
          28,
          30,
          36,
          38,
          39,
          41,
          43,
          44,
          47,
          48,
          50,
          52,
          53,
          56,
          57,
          58
        ],
        "mask": "compatibility",
        "side": "diamine",
        "state_id": "f6590df1f55b85956a58c99d",
        "step_index": 2
      },
      {
        "episode_index": 28,
        "false_negative_action_ids": [],
        "false_positive_action_ids": [
          21,
          26,
          36,
          39,
          50,
          52,
          57,
          59,
          63,
          70,
          74,
          75,
          76,
          77,
          78,
          79,
          80,
          97,
          103,
          104
        ],
        "mask": "compatibility",
        "side": "diamine",
        "state_id": "f42ec6d4236cc5b52cce54dd",
        "step_index": 3
      },
      {
        "episode_index": 29,
        "false_negative_action_ids": [],
        "false_positive_action_ids": [
          10,
          11,
          33,
          39,
          42,
          43,
          61,
          78,
          93,
          95,
          104,
          138,
          140,
          141,
          144,
          147,
          149,
          157,
          173,
          174
        ],
        "mask": "compatibility",
        "side": "dianhydride",
        "state_id": "6ea9415de5ceb117de651316",
        "step_index": 0
      },
      {
        "episode_index": 29,
        "false_negative_action_ids": [],
        "false_positive_action_ids": [
          11,
          12,
          21,
          26,
          28,
          30,
          36,
          38,
          39,
          41,
          43,
          44,
          47,
          48,
          50,
          52,
          53,
          56,
          57,
          58
        ],
        "mask": "compatibility",
        "side": "diamine",
        "state_id": "6ea9415de5ceb117de651316",
        "step_index": 0
      },
      {
        "episode_index": 29,
        "false_negative_action_ids": [],
        "false_positive_action_ids": [
          1,
          3,
          6,
          23,
          24,
          27,
          42,
          43,
          61,
          64,
          69,
          70,
          73,
          74,
          100,
          104,
          108,
          116,
          123,
          138
        ],
        "mask": "compatibility",
        "side": "dianhydride",
        "state_id": "2675c4d13c076bc8db655b93",
        "step_index": 2
      },
      {
        "episode_index": 30,
        "false_negative_action_ids": [],
        "false_positive_action_ids": [
          10,
          11,
          33,
          39,
          42,
          43,
          61,
          78,
          93,
          95,
          104,
          138,
          140,
          141,
          144,
          147,
          149,
          157,
          173,
          174
        ],
        "mask": "compatibility",
        "side": "dianhydride",
        "state_id": "6ea9415de5ceb117de651316",
        "step_index": 0
      },
      {
        "episode_index": 30,
        "false_negative_action_ids": [],
        "false_positive_action_ids": [
          11,
          12,
          21,
          26,
          28,
          30,
          36,
          38,
          39,
          41,
          43,
          44,
          47,
          48,
          50,
          52,
          53,
          56,
          57,
          58
        ],
        "mask": "compatibility",
        "side": "diamine",
        "state_id": "6ea9415de5ceb117de651316",
        "step_index": 0
      },
      {
        "episode_index": 31,
        "false_negative_action_ids": [],
        "false_positive_action_ids": [
          10,
          11,
          33,
          39,
          42,
          43,
          61,
          78,
          93,
          95,
          104,
          138,
          140,
          141,
          144,
          147,
          149,
          157,
          173,
          174
        ],
        "mask": "compatibility",
        "side": "dianhydride",
        "state_id": "6ea9415de5ceb117de651316",
        "step_index": 0
      },
      {
        "episode_index": 31,
        "false_negative_action_ids": [],
        "false_positive_action_ids": [
          11,
          12,
          21,
          26,
          28,
          30,
          36,
          38,
          39,
          41,
          43,
          44,
          47,
          48,
          50,
          52,
          53,
          56,
          57,
          58
        ],
        "mask": "compatibility",
        "side": "diamine",
        "state_id": "6ea9415de5ceb117de651316",
        "step_index": 0
      },
      {
        "episode_index": 31,
        "false_negative_action_ids": [],
        "false_positive_action_ids": [
          42,
          43,
          61,
          104,
          138,
          141,
          157,
          173,
          174,
          182,
          229,
          285,
          291,
          296,
          299,
          300,
          322,
          334,
          360,
          361
        ],
        "mask": "compatibility",
        "side": "dianhydride",
        "state_id": "e052a8fd4c6a2795dc03efb7",
        "step_index": 1
      },
      {
        "episode_index": 31,
        "false_negative_action_ids": [],
        "false_positive_action_ids": [
          1,
          2,
          3,
          5,
          6,
          7,
          8,
          9,
          10,
          11,
          22,
          23,
          24,
          27,
          33,
          39,
          42,
          43,
          61,
          64
        ],
        "mask": "compatibility",
        "side": "dianhydride",
        "state_id": "9b946f80359f47d62255fa63",
        "step_index": 2
      },
      {
        "episode_index": 32,
        "false_negative_action_ids": [],
        "false_positive_action_ids": [
          10,
          11,
          33,
          39,
          42,
          43,
          61,
          78,
          93,
          95,
          104,
          138,
          140,
          141,
          144,
          147,
          149,
          157,
          173,
          174
        ],
        "mask": "compatibility",
        "side": "dianhydride",
        "state_id": "6ea9415de5ceb117de651316",
        "step_index": 0
      },
      {
        "episode_index": 32,
        "false_negative_action_ids": [],
        "false_positive_action_ids": [
          11,
          12,
          21,
          26,
          28,
          30,
          36,
          38,
          39,
          41,
          43,
          44,
          47,
          48,
          50,
          52,
          53,
          56,
          57,
          58
        ],
        "mask": "compatibility",
        "side": "diamine",
        "state_id": "6ea9415de5ceb117de651316",
        "step_index": 0
      },
      {
        "episode_index": 32,
        "false_negative_action_ids": [],
        "false_positive_action_ids": [
          42,
          43,
          61,
          104,
          138,
          141,
          157,
          173,
          174,
          182,
          229,
          285,
          291,
          296,
          299,
          300,
          322,
          334,
          360,
          361
        ],
        "mask": "compatibility",
        "side": "dianhydride",
        "state_id": "4929e990269569e8717b58ee",
        "step_index": 1
      }
    ],
    "false_positive_reduction": {
      "diamine": {
        "fraction_removed": 1.0,
        "removed": 11878
      },
      "dianhydride": {
        "fraction_removed": 1.0,
        "removed": 3742
      }
    },
    "label_compatibility_totals": {
      "diamine": {
        "allowed": 56315,
        "exact_allowed": 44437,
        "false_negative": 0,
        "false_negative_rate_among_exact": 0.0,
        "false_positive": 11878,
        "false_positive_rate_among_allowed": 0.21092071384178282
      },
      "dianhydride": {
        "allowed": 27512,
        "exact_allowed": 23770,
        "false_negative": 0,
        "false_negative_rate_among_exact": 0.0,
        "false_positive": 3742,
        "false_positive_rate_among_allowed": 0.13601337598138993
      }
    },
    "mask_build_seconds": {
      "closure_exact_cached": 5.448068670928478,
      "compatibility": 0.1260724551975727,
      "exact_cached_incremental_after_refined": 696.4498824551702
    },
    "overlap_dead_end_states": 0,
    "productive_transitions": 100,
    "rollout_seed": 20260904,
    "status": "passed",
    "step_index_frequency": {
      "0": 43,
      "1": 28,
      "2": 18,
      "3": 9,
      "4": 2
    },
    "totals": {
      "diamine": {
        "allowed": 44437,
        "exact_allowed": 44437,
        "false_negative": 0,
        "false_negative_rate_among_exact": 0.0,
        "false_positive": 0,
        "false_positive_rate_among_allowed": 0.0
      },
      "dianhydride": {
        "allowed": 23770,
        "exact_allowed": 23770,
        "false_negative": 0,
        "false_negative_rate_among_exact": 0.0,
        "false_positive": 0,
        "false_positive_rate_among_allowed": 0.0
      }
    },
    "visited_states": 100
  },
  "status": "passed"
}
stage0_v23_core_validation_complete
