Asking to truncate to max_length but no maximum length is provided and the model has no predefined maximum length. Default to no truncation.
Asking to truncate to max_length but no maximum length is provided and the model has no predefined maximum length. Default to no truncation.
/home/wch/workspaces/DAPiGen-reproduction/envs/dapigen-py38/lib/python3.8/site-packages/dgl/heterograph.py:92: DGLWarning: Recommend creating graphs by `dgl.graph(data)` instead of `dgl.DGLGraph(data)`.
  dgl_warning(
/home/wch/workspaces/DAPiGen-reproduction/envs/dapigen-py38/lib/python3.8/site-packages/dgl/heterograph.py:92: DGLWarning: Recommend creating graphs by `dgl.graph(data)` instead of `dgl.DGLGraph(data)`.
  dgl_warning(
[20:04:17] Explicit valence for atom # 1 N, 5, is greater than permitted
[20:04:17] Explicit valence for atom # 1 N, 5, is greater than permitted
[20:04:17] Explicit valence for atom # 1 N, 5, is greater than permitted
[20:04:17] Explicit valence for atom # 1 N, 5, is greater than permitted
[20:04:17] Explicit valence for atom # 1 N, 5, is greater than permitted
[20:04:17] Explicit valence for atom # 1 N, 5, is greater than permitted
[20:04:17] Explicit valence for atom # 1 N, 5, is greater than permitted
[20:04:17] Explicit valence for atom # 1 N, 5, is greater than permitted
[20:04:28] Explicit valence for atom # 1 N, 4, is greater than permitted
[20:04:28] Explicit valence for atom # 1 N, 4, is greater than permitted
[20:04:28] Explicit valence for atom # 1 N, 4, is greater than permitted
[20:04:28] Explicit valence for atom # 1 N, 4, is greater than permitted
[20:04:28] Explicit valence for atom # 1 N, 4, is greater than permitted
[20:04:28] Explicit valence for atom # 1 N, 4, is greater than permitted
[20:04:28] Explicit valence for atom # 1 N, 4, is greater than permitted
[20:04:28] Explicit valence for atom # 1 N, 4, is greater than permitted
[20:04:41] Explicit valence for atom # 1 N, 4, is greater than permitted
[20:04:41] Explicit valence for atom # 1 N, 4, is greater than permitted
[20:04:41] Explicit valence for atom # 1 N, 4, is greater than permitted
[20:04:41] Explicit valence for atom # 1 N, 4, is greater than permitted
[20:04:41] Explicit valence for atom # 1 N, 4, is greater than permitted
[20:04:41] Explicit valence for atom # 1 N, 4, is greater than permitted
[20:04:41] Explicit valence for atom # 1 N, 4, is greater than permitted
[20:04:41] Explicit valence for atom # 1 N, 4, is greater than permitted
[20:04:41] Explicit valence for atom # 1 N, 4, is greater than permitted
[20:04:41] Explicit valence for atom # 1 N, 4, is greater than permitted
[20:04:41] Explicit valence for atom # 1 N, 4, is greater than permitted
[20:04:41] Explicit valence for atom # 1 N, 4, is greater than permitted
[20:04:41] Explicit valence for atom # 1 N, 4, is greater than permitted
[20:04:41] Explicit valence for atom # 1 N, 4, is greater than permitted
[20:04:41] Explicit valence for atom # 1 N, 4, is greater than permitted
[20:04:41] Explicit valence for atom # 1 N, 4, is greater than permitted
[20:05:10] Explicit valence for atom # 1 N, 5, is greater than permitted
[20:05:10] Explicit valence for atom # 1 N, 5, is greater than permitted
[20:05:10] Explicit valence for atom # 1 N, 5, is greater than permitted
[20:05:10] Explicit valence for atom # 1 N, 5, is greater than permitted
[20:05:10] Explicit valence for atom # 1 N, 5, is greater than permitted
[20:05:10] Explicit valence for atom # 1 N, 5, is greater than permitted
[20:05:10] Explicit valence for atom # 1 N, 5, is greater than permitted
[20:05:10] Explicit valence for atom # 1 N, 5, is greater than permitted
[20:05:10] Explicit valence for atom # 1 N, 5, is greater than permitted
[20:05:10] Explicit valence for atom # 1 N, 5, is greater than permitted
[20:05:10] Explicit valence for atom # 1 N, 5, is greater than permitted
[20:05:10] Explicit valence for atom # 1 N, 5, is greater than permitted
[20:05:54] Explicit valence for atom # 1 N, 6, is greater than permitted
[20:05:54] Explicit valence for atom # 1 N, 6, is greater than permitted
[20:05:54] Explicit valence for atom # 1 N, 6, is greater than permitted
[20:05:54] Explicit valence for atom # 1 N, 6, is greater than permitted
[20:06:04] Explicit valence for atom # 1 N, 5, is greater than permitted
[20:06:04] Explicit valence for atom # 1 N, 5, is greater than permitted
[20:06:04] Explicit valence for atom # 1 N, 5, is greater than permitted
[20:06:04] Explicit valence for atom # 1 N, 5, is greater than permitted
[20:06:04] Explicit valence for atom # 1 N, 5, is greater than permitted
[20:06:04] Explicit valence for atom # 1 N, 5, is greater than permitted
[20:06:04] Explicit valence for atom # 1 N, 5, is greater than permitted
[20:06:04] Explicit valence for atom # 1 N, 5, is greater than permitted
[20:06:08] Explicit valence for atom # 1 N, 5, is greater than permitted
[20:06:08] Explicit valence for atom # 1 N, 5, is greater than permitted
[20:06:08] Explicit valence for atom # 1 N, 5, is greater than permitted
[20:06:08] Explicit valence for atom # 1 N, 5, is greater than permitted
[20:06:08] Explicit valence for atom # 1 N, 5, is greater than permitted
[20:06:08] Explicit valence for atom # 1 N, 5, is greater than permitted
[20:06:08] Explicit valence for atom # 1 N, 5, is greater than permitted
[20:06:08] Explicit valence for atom # 1 N, 5, is greater than permitted
[20:06:08] Explicit valence for atom # 1 N, 5, is greater than permitted
[20:06:08] Explicit valence for atom # 1 N, 5, is greater than permitted
[20:06:08] Explicit valence for atom # 1 N, 5, is greater than permitted
[20:06:08] Explicit valence for atom # 1 N, 5, is greater than permitted
[20:06:15] Explicit valence for atom # 1 N, 6, is greater than permitted
[20:06:15] Explicit valence for atom # 1 N, 6, is greater than permitted
[20:06:15] Explicit valence for atom # 1 N, 6, is greater than permitted
[20:06:15] Explicit valence for atom # 1 N, 6, is greater than permitted
[20:06:28] Explicit valence for atom # 1 N, 6, is greater than permitted
[20:06:28] Explicit valence for atom # 1 N, 6, is greater than permitted
[20:06:28] Explicit valence for atom # 1 N, 6, is greater than permitted
[20:06:28] Explicit valence for atom # 1 N, 6, is greater than permitted
[20:06:38] Explicit valence for atom # 1 N, 5, is greater than permitted
[20:06:38] Explicit valence for atom # 1 N, 5, is greater than permitted
[20:06:38] Explicit valence for atom # 1 N, 5, is greater than permitted
[20:06:38] Explicit valence for atom # 1 N, 5, is greater than permitted
[20:06:38] Explicit valence for atom # 1 N, 5, is greater than permitted
[20:06:38] Explicit valence for atom # 1 N, 5, is greater than permitted
[20:06:38] Explicit valence for atom # 1 N, 5, is greater than permitted
[20:06:38] Explicit valence for atom # 1 N, 5, is greater than permitted
[20:06:40] Explicit valence for atom # 1 N, 5, is greater than permitted
[20:06:40] Explicit valence for atom # 1 N, 5, is greater than permitted
[20:06:40] Explicit valence for atom # 1 N, 5, is greater than permitted
[20:06:40] Explicit valence for atom # 1 N, 5, is greater than permitted
[20:06:44] Explicit valence for atom # 1 N, 4, is greater than permitted
[20:06:44] Explicit valence for atom # 1 N, 4, is greater than permitted
[20:06:44] Explicit valence for atom # 1 N, 4, is greater than permitted
[20:06:44] Explicit valence for atom # 1 N, 4, is greater than permitted
[20:06:44] Explicit valence for atom # 1 N, 4, is greater than permitted
[20:06:44] Explicit valence for atom # 1 N, 4, is greater than permitted
[20:06:44] Explicit valence for atom # 1 N, 4, is greater than permitted
[20:06:44] Explicit valence for atom # 1 N, 4, is greater than permitted
[20:06:45] Explicit valence for atom # 1 N, 4, is greater than permitted
[20:06:45] Explicit valence for atom # 1 N, 4, is greater than permitted
[20:06:45] Explicit valence for atom # 1 N, 4, is greater than permitted
[20:06:45] Explicit valence for atom # 1 N, 4, is greater than permitted
[20:06:45] Explicit valence for atom # 1 N, 4, is greater than permitted
[20:06:45] Explicit valence for atom # 1 N, 4, is greater than permitted
[20:06:45] Explicit valence for atom # 1 N, 4, is greater than permitted
[20:06:45] Explicit valence for atom # 1 N, 4, is greater than permitted
[20:06:48] Explicit valence for atom # 1 N, 4, is greater than permitted
[20:06:48] Explicit valence for atom # 1 N, 4, is greater than permitted
[20:06:48] Explicit valence for atom # 1 N, 4, is greater than permitted
[20:06:48] Explicit valence for atom # 1 N, 4, is greater than permitted
[20:06:48] Explicit valence for atom # 1 N, 4, is greater than permitted
[20:06:48] Explicit valence for atom # 1 N, 4, is greater than permitted
[20:06:48] Explicit valence for atom # 1 N, 4, is greater than permitted
[20:06:48] Explicit valence for atom # 1 N, 4, is greater than permitted
[20:06:48] Explicit valence for atom # 1 N, 4, is greater than permitted
[20:06:48] Explicit valence for atom # 1 N, 4, is greater than permitted
[20:06:48] Explicit valence for atom # 1 N, 4, is greater than permitted
[20:06:48] Explicit valence for atom # 1 N, 4, is greater than permitted
[20:07:01] Explicit valence for atom # 1 N, 5, is greater than permitted
[20:07:01] Explicit valence for atom # 1 N, 5, is greater than permitted
[20:07:01] Explicit valence for atom # 1 N, 5, is greater than permitted
[20:07:01] Explicit valence for atom # 1 N, 5, is greater than permitted
[20:07:01] Explicit valence for atom # 1 N, 5, is greater than permitted
[20:07:01] Explicit valence for atom # 1 N, 5, is greater than permitted
[20:07:01] Explicit valence for atom # 1 N, 5, is greater than permitted
[20:07:01] Explicit valence for atom # 1 N, 5, is greater than permitted
[20:07:01] Explicit valence for atom # 1 N, 5, is greater than permitted
[20:07:01] Explicit valence for atom # 1 N, 5, is greater than permitted
[20:07:01] Explicit valence for atom # 1 N, 5, is greater than permitted
[20:07:01] Explicit valence for atom # 1 N, 5, is greater than permitted
[20:07:02] Explicit valence for atom # 1 N, 5, is greater than permitted
[20:07:02] Explicit valence for atom # 1 N, 5, is greater than permitted
[20:07:02] Explicit valence for atom # 1 N, 5, is greater than permitted
[20:07:02] Explicit valence for atom # 1 N, 5, is greater than permitted
[20:07:02] Explicit valence for atom # 1 N, 5, is greater than permitted
[20:07:02] Explicit valence for atom # 1 N, 5, is greater than permitted
[20:07:02] Explicit valence for atom # 1 N, 5, is greater than permitted
[20:07:02] Explicit valence for atom # 1 N, 5, is greater than permitted
[20:07:02] Explicit valence for atom # 1 N, 5, is greater than permitted
[20:07:02] Explicit valence for atom # 1 N, 5, is greater than permitted
[20:07:02] Explicit valence for atom # 1 N, 5, is greater than permitted
[20:07:02] Explicit valence for atom # 1 N, 5, is greater than permitted
Asking to truncate to max_length but no maximum length is provided and the model has no predefined maximum length. Default to no truncation.
[20:07:05] Explicit valence for atom # 1 N, 6, is greater than permitted
[20:07:05] Explicit valence for atom # 1 N, 6, is greater than permitted
[20:07:05] Explicit valence for atom # 1 N, 6, is greater than permitted
[20:07:05] Explicit valence for atom # 1 N, 6, is greater than permitted
/home/wch/workspaces/DAPiGen-reproduction/envs/dapigen-py38/lib/python3.8/site-packages/dgl/heterograph.py:92: DGLWarning: Recommend creating graphs by `dgl.graph(data)` instead of `dgl.DGLGraph(data)`.
  dgl_warning(
[20:07:05] Explicit valence for atom # 1 N, 6, is greater than permitted
[20:07:05] Explicit valence for atom # 1 N, 6, is greater than permitted
[20:07:05] Explicit valence for atom # 1 N, 6, is greater than permitted
[20:07:05] Explicit valence for atom # 1 N, 6, is greater than permitted
[20:07:05] Explicit valence for atom # 1 N, 6, is greater than permitted
[20:07:05] Explicit valence for atom # 1 N, 6, is greater than permitted
[20:07:05] Explicit valence for atom # 1 N, 6, is greater than permitted
[20:07:05] Explicit valence for atom # 1 N, 6, is greater than permitted
[20:07:05] Explicit valence for atom # 1 N, 6, is greater than permitted
[20:07:05] Explicit valence for atom # 1 N, 6, is greater than permitted
[20:07:05] Explicit valence for atom # 1 N, 6, is greater than permitted
[20:07:05] Explicit valence for atom # 1 N, 6, is greater than permitted
[20:07:05] Explicit valence for atom # 1 N, 6, is greater than permitted
[20:07:05] Explicit valence for atom # 1 N, 6, is greater than permitted
[20:07:05] Explicit valence for atom # 1 N, 6, is greater than permitted
[20:07:05] Explicit valence for atom # 1 N, 6, is greater than permitted
[20:07:05] Explicit valence for atom # 1 N, 6, is greater than permitted
[20:07:05] Explicit valence for atom # 1 N, 6, is greater than permitted
[20:07:05] Explicit valence for atom # 1 N, 6, is greater than permitted
[20:07:05] Explicit valence for atom # 1 N, 6, is greater than permitted
[20:07:05] Explicit valence for atom # 1 N, 6, is greater than permitted
[20:07:05] Explicit valence for atom # 1 N, 6, is greater than permitted
[20:07:05] Explicit valence for atom # 1 N, 6, is greater than permitted
[20:07:05] Explicit valence for atom # 1 N, 6, is greater than permitted
[20:07:05] Explicit valence for atom # 1 N, 6, is greater than permitted
[20:07:05] Explicit valence for atom # 1 N, 6, is greater than permitted
[20:07:05] Explicit valence for atom # 1 N, 6, is greater than permitted
[20:07:05] Explicit valence for atom # 1 N, 6, is greater than permitted
[20:07:05] Explicit valence for atom # 1 N, 6, is greater than permitted
[20:07:05] Explicit valence for atom # 1 N, 6, is greater than permitted
[20:07:05] Explicit valence for atom # 1 N, 6, is greater than permitted
[20:07:05] Explicit valence for atom # 1 N, 6, is greater than permitted
[20:07:05] Explicit valence for atom # 1 N, 6, is greater than permitted
[20:07:05] Explicit valence for atom # 1 N, 6, is greater than permitted
[20:07:05] Explicit valence for atom # 1 N, 6, is greater than permitted
[20:07:05] Explicit valence for atom # 1 N, 6, is greater than permitted
[20:07:05] Explicit valence for atom # 1 N, 6, is greater than permitted
[20:07:05] Explicit valence for atom # 1 N, 6, is greater than permitted
[20:07:05] Explicit valence for atom # 1 N, 6, is greater than permitted
[20:07:05] Explicit valence for atom # 1 N, 6, is greater than permitted
[20:07:05] Explicit valence for atom # 1 N, 6, is greater than permitted
[20:07:05] Explicit valence for atom # 1 N, 6, is greater than permitted
[20:07:05] Explicit valence for atom # 1 N, 6, is greater than permitted
[20:07:05] Explicit valence for atom # 1 N, 6, is greater than permitted
[20:07:05] Explicit valence for atom # 1 N, 6, is greater than permitted
[20:07:05] Explicit valence for atom # 1 N, 6, is greater than permitted
[20:07:05] Explicit valence for atom # 1 N, 6, is greater than permitted
[20:07:05] Explicit valence for atom # 1 N, 6, is greater than permitted
[20:07:05] Explicit valence for atom # 1 N, 6, is greater than permitted
[20:07:05] Explicit valence for atom # 1 N, 6, is greater than permitted
[20:07:05] Explicit valence for atom # 1 N, 6, is greater than permitted
[20:07:05] Explicit valence for atom # 1 N, 6, is greater than permitted
[20:07:05] Explicit valence for atom # 1 N, 6, is greater than permitted
[20:07:05] Explicit valence for atom # 1 N, 6, is greater than permitted
[20:07:05] Explicit valence for atom # 1 N, 6, is greater than permitted
[20:07:05] Explicit valence for atom # 1 N, 6, is greater than permitted
[20:07:05] Explicit valence for atom # 1 N, 6, is greater than permitted
[20:07:05] Explicit valence for atom # 1 N, 6, is greater than permitted
[20:07:05] Explicit valence for atom # 1 N, 6, is greater than permitted
[20:07:05] Explicit valence for atom # 1 N, 6, is greater than permitted
[20:07:05] Explicit valence for atom # 1 N, 6, is greater than permitted
[20:07:05] Explicit valence for atom # 1 N, 6, is greater than permitted
[20:07:05] Explicit valence for atom # 1 N, 6, is greater than permitted
[20:07:05] Explicit valence for atom # 1 N, 6, is greater than permitted
[20:07:05] Explicit valence for atom # 1 N, 6, is greater than permitted
[20:07:05] Explicit valence for atom # 1 N, 6, is greater than permitted
[20:07:05] Explicit valence for atom # 1 N, 6, is greater than permitted
[20:07:05] Explicit valence for atom # 1 N, 6, is greater than permitted
[20:07:05] Explicit valence for atom # 1 N, 6, is greater than permitted
[20:07:05] Explicit valence for atom # 1 N, 6, is greater than permitted
[20:07:05] Explicit valence for atom # 1 N, 6, is greater than permitted
[20:07:05] Explicit valence for atom # 1 N, 6, is greater than permitted
[20:07:05] Explicit valence for atom # 1 N, 6, is greater than permitted
[20:07:05] Explicit valence for atom # 1 N, 6, is greater than permitted
[20:07:05] Explicit valence for atom # 1 N, 6, is greater than permitted
[20:07:05] Explicit valence for atom # 1 N, 6, is greater than permitted
[20:07:05] Explicit valence for atom # 1 N, 6, is greater than permitted
[20:07:05] Explicit valence for atom # 1 N, 6, is greater than permitted
[20:07:05] Explicit valence for atom # 1 N, 6, is greater than permitted
[20:07:05] Explicit valence for atom # 1 N, 6, is greater than permitted
[20:07:05] Explicit valence for atom # 1 N, 6, is greater than permitted
[20:07:05] Explicit valence for atom # 1 N, 6, is greater than permitted
[20:07:05] Explicit valence for atom # 1 N, 6, is greater than permitted
[20:07:05] Explicit valence for atom # 1 N, 6, is greater than permitted
[20:07:05] Explicit valence for atom # 1 N, 6, is greater than permitted
[20:07:05] Explicit valence for atom # 1 N, 6, is greater than permitted
[20:07:05] Explicit valence for atom # 1 N, 6, is greater than permitted
[20:07:05] Explicit valence for atom # 1 N, 6, is greater than permitted
[20:07:05] Explicit valence for atom # 1 N, 6, is greater than permitted
[20:07:05] Explicit valence for atom # 1 N, 6, is greater than permitted
[20:07:05] Explicit valence for atom # 1 N, 6, is greater than permitted
[20:07:05] Explicit valence for atom # 1 N, 6, is greater than permitted
[20:07:05] Explicit valence for atom # 1 N, 6, is greater than permitted
[20:07:05] Explicit valence for atom # 1 N, 6, is greater than permitted
[20:07:05] Explicit valence for atom # 1 N, 6, is greater than permitted
[20:07:05] Explicit valence for atom # 1 N, 6, is greater than permitted
[20:07:05] Explicit valence for atom # 1 N, 6, is greater than permitted
[20:07:05] Explicit valence for atom # 1 N, 6, is greater than permitted
[20:07:05] Explicit valence for atom # 1 N, 6, is greater than permitted
[20:07:05] Explicit valence for atom # 1 N, 6, is greater than permitted
[20:07:05] Explicit valence for atom # 1 N, 6, is greater than permitted
[20:07:05] Explicit valence for atom # 1 N, 6, is greater than permitted
[20:07:05] Explicit valence for atom # 1 N, 6, is greater than permitted
[20:07:05] Explicit valence for atom # 1 N, 6, is greater than permitted
[20:07:05] Explicit valence for atom # 1 N, 6, is greater than permitted
[20:07:05] Explicit valence for atom # 1 N, 6, is greater than permitted
[20:07:05] Explicit valence for atom # 1 N, 6, is greater than permitted
[20:07:05] Explicit valence for atom # 1 N, 6, is greater than permitted
[20:07:05] Explicit valence for atom # 1 N, 6, is greater than permitted
[20:07:05] Explicit valence for atom # 1 N, 6, is greater than permitted
[20:07:05] Explicit valence for atom # 1 N, 6, is greater than permitted
[20:07:05] Explicit valence for atom # 1 N, 6, is greater than permitted
[20:07:05] Explicit valence for atom # 1 N, 6, is greater than permitted
[20:07:05] Explicit valence for atom # 1 N, 6, is greater than permitted
[20:07:05] Explicit valence for atom # 1 N, 6, is greater than permitted
[20:07:05] Explicit valence for atom # 1 N, 6, is greater than permitted
[20:07:05] Explicit valence for atom # 1 N, 6, is greater than permitted
[20:07:05] Explicit valence for atom # 1 N, 6, is greater than permitted
[20:07:05] Explicit valence for atom # 1 N, 6, is greater than permitted
[20:07:05] Explicit valence for atom # 1 N, 6, is greater than permitted
[20:07:05] Explicit valence for atom # 1 N, 6, is greater than permitted
[20:07:05] Explicit valence for atom # 1 N, 6, is greater than permitted
[20:07:05] Explicit valence for atom # 1 N, 6, is greater than permitted
[20:07:05] Explicit valence for atom # 1 N, 6, is greater than permitted
[20:07:05] Explicit valence for atom # 1 N, 6, is greater than permitted
[20:07:05] Explicit valence for atom # 1 N, 6, is greater than permitted
[20:07:05] Explicit valence for atom # 1 N, 6, is greater than permitted
[20:07:05] Explicit valence for atom # 1 N, 6, is greater than permitted
[20:07:05] Explicit valence for atom # 1 N, 6, is greater than permitted
[20:07:05] Explicit valence for atom # 1 N, 6, is greater than permitted
[20:07:05] Explicit valence for atom # 1 N, 6, is greater than permitted
[20:07:05] Explicit valence for atom # 1 N, 6, is greater than permitted
[20:07:05] Explicit valence for atom # 1 N, 6, is greater than permitted
[20:07:05] Explicit valence for atom # 1 N, 6, is greater than permitted
[20:07:05] Explicit valence for atom # 1 N, 6, is greater than permitted
[20:07:05] Explicit valence for atom # 1 N, 6, is greater than permitted
[20:07:05] Explicit valence for atom # 1 N, 6, is greater than permitted
[20:07:05] Explicit valence for atom # 1 N, 6, is greater than permitted
[20:07:05] Explicit valence for atom # 1 N, 6, is greater than permitted
[20:07:05] Explicit valence for atom # 1 N, 6, is greater than permitted
[20:07:05] Explicit valence for atom # 1 N, 6, is greater than permitted
[20:07:06] Explicit valence for atom # 1 N, 6, is greater than permitted
[20:07:06] Explicit valence for atom # 1 N, 6, is greater than permitted
[20:07:06] Explicit valence for atom # 1 N, 6, is greater than permitted
[20:07:06] Explicit valence for atom # 1 N, 6, is greater than permitted
[20:07:06] Explicit valence for atom # 1 N, 6, is greater than permitted
[20:07:06] Explicit valence for atom # 1 N, 6, is greater than permitted
[20:07:06] Explicit valence for atom # 1 N, 6, is greater than permitted
[20:07:06] Explicit valence for atom # 1 N, 6, is greater than permitted
[20:07:06] Explicit valence for atom # 1 N, 6, is greater than permitted
[20:07:06] Explicit valence for atom # 1 N, 6, is greater than permitted
[20:07:06] Explicit valence for atom # 1 N, 6, is greater than permitted
[20:07:06] Explicit valence for atom # 1 N, 6, is greater than permitted
[20:07:06] Explicit valence for atom # 1 N, 6, is greater than permitted
[20:07:06] Explicit valence for atom # 1 N, 6, is greater than permitted
[20:07:06] Explicit valence for atom # 1 N, 6, is greater than permitted
[20:07:06] Explicit valence for atom # 1 N, 6, is greater than permitted
[20:07:06] Explicit valence for atom # 1 N, 6, is greater than permitted
[20:07:06] Explicit valence for atom # 1 N, 6, is greater than permitted
[20:07:06] Explicit valence for atom # 1 N, 6, is greater than permitted
[20:07:06] Explicit valence for atom # 1 N, 6, is greater than permitted
[20:07:06] Explicit valence for atom # 1 N, 6, is greater than permitted
[20:07:06] Explicit valence for atom # 1 N, 6, is greater than permitted
[20:07:06] Explicit valence for atom # 1 N, 6, is greater than permitted
[20:07:06] Explicit valence for atom # 1 N, 6, is greater than permitted
[20:07:06] Explicit valence for atom # 1 N, 6, is greater than permitted
[20:07:06] Explicit valence for atom # 1 N, 6, is greater than permitted
[20:07:06] Explicit valence for atom # 1 N, 6, is greater than permitted
[20:07:06] Explicit valence for atom # 1 N, 6, is greater than permitted
[20:07:06] Explicit valence for atom # 1 N, 6, is greater than permitted
[20:07:06] Explicit valence for atom # 1 N, 6, is greater than permitted
[20:07:06] Explicit valence for atom # 1 N, 6, is greater than permitted
[20:07:06] Explicit valence for atom # 1 N, 6, is greater than permitted
[20:07:06] Explicit valence for atom # 1 N, 6, is greater than permitted
[20:07:06] Explicit valence for atom # 1 N, 6, is greater than permitted
[20:07:06] Explicit valence for atom # 1 N, 6, is greater than permitted
[20:07:06] Explicit valence for atom # 1 N, 6, is greater than permitted
[20:07:06] Explicit valence for atom # 1 N, 6, is greater than permitted
[20:07:06] Explicit valence for atom # 1 N, 6, is greater than permitted
[20:07:06] Explicit valence for atom # 1 N, 6, is greater than permitted
[20:07:06] Explicit valence for atom # 1 N, 6, is greater than permitted
[20:07:06] Explicit valence for atom # 1 N, 6, is greater than permitted
[20:07:06] Explicit valence for atom # 1 N, 6, is greater than permitted
[20:07:06] Explicit valence for atom # 1 N, 6, is greater than permitted
[20:07:06] Explicit valence for atom # 1 N, 6, is greater than permitted
[20:07:06] Explicit valence for atom # 1 N, 6, is greater than permitted
[20:07:06] Explicit valence for atom # 1 N, 6, is greater than permitted
[20:07:06] Explicit valence for atom # 1 N, 6, is greater than permitted
[20:07:06] Explicit valence for atom # 1 N, 6, is greater than permitted
[20:07:06] Explicit valence for atom # 1 N, 6, is greater than permitted
[20:07:06] Explicit valence for atom # 1 N, 6, is greater than permitted
[20:07:06] Explicit valence for atom # 1 N, 6, is greater than permitted
[20:07:06] Explicit valence for atom # 1 N, 6, is greater than permitted
[20:07:06] Explicit valence for atom # 1 N, 6, is greater than permitted
[20:07:06] Explicit valence for atom # 1 N, 6, is greater than permitted
[20:07:06] Explicit valence for atom # 1 N, 6, is greater than permitted
[20:07:06] Explicit valence for atom # 1 N, 6, is greater than permitted
[20:07:06] Explicit valence for atom # 1 N, 6, is greater than permitted
[20:07:06] Explicit valence for atom # 1 N, 6, is greater than permitted
[20:07:06] Explicit valence for atom # 1 N, 6, is greater than permitted
[20:07:06] Explicit valence for atom # 1 N, 6, is greater than permitted
[20:07:06] Explicit valence for atom # 1 N, 6, is greater than permitted
[20:07:06] Explicit valence for atom # 1 N, 6, is greater than permitted
[20:07:06] Explicit valence for atom # 1 N, 6, is greater than permitted
[20:07:06] Explicit valence for atom # 1 N, 6, is greater than permitted
[20:07:06] Explicit valence for atom # 1 N, 6, is greater than permitted
[20:07:06] Explicit valence for atom # 1 N, 6, is greater than permitted
[20:07:06] Explicit valence for atom # 1 N, 6, is greater than permitted
[20:07:06] Explicit valence for atom # 1 N, 6, is greater than permitted
[20:07:06] Explicit valence for atom # 1 N, 6, is greater than permitted
[20:07:06] Explicit valence for atom # 1 N, 6, is greater than permitted
[20:07:06] Explicit valence for atom # 1 N, 6, is greater than permitted
[20:07:06] Explicit valence for atom # 1 N, 6, is greater than permitted
[20:07:06] Explicit valence for atom # 1 N, 6, is greater than permitted
[20:07:06] Explicit valence for atom # 1 N, 6, is greater than permitted
[20:07:06] Explicit valence for atom # 1 N, 6, is greater than permitted
[20:07:06] Explicit valence for atom # 1 N, 6, is greater than permitted
[20:07:06] Explicit valence for atom # 1 N, 6, is greater than permitted
[20:07:06] Explicit valence for atom # 1 N, 6, is greater than permitted
[20:07:06] Explicit valence for atom # 1 N, 6, is greater than permitted
[20:07:06] Explicit valence for atom # 1 N, 6, is greater than permitted
[20:07:06] Explicit valence for atom # 1 N, 6, is greater than permitted
[20:07:06] Explicit valence for atom # 1 N, 6, is greater than permitted
[20:07:06] Explicit valence for atom # 1 N, 6, is greater than permitted
[20:07:06] Explicit valence for atom # 1 N, 6, is greater than permitted
[20:07:06] Explicit valence for atom # 1 N, 6, is greater than permitted
[20:07:06] Explicit valence for atom # 1 N, 6, is greater than permitted
[20:07:06] Explicit valence for atom # 1 N, 6, is greater than permitted
[20:07:06] Explicit valence for atom # 1 N, 6, is greater than permitted
[20:07:06] Explicit valence for atom # 1 N, 6, is greater than permitted
[20:07:06] Explicit valence for atom # 1 N, 6, is greater than permitted
[20:07:06] Explicit valence for atom # 1 N, 6, is greater than permitted
[20:07:06] Explicit valence for atom # 1 N, 6, is greater than permitted
[20:07:06] Explicit valence for atom # 1 N, 6, is greater than permitted
[20:07:06] Explicit valence for atom # 1 N, 6, is greater than permitted
[20:07:06] Explicit valence for atom # 1 N, 6, is greater than permitted
[20:07:06] Explicit valence for atom # 1 N, 6, is greater than permitted
[20:07:06] Explicit valence for atom # 1 N, 6, is greater than permitted
[20:07:06] Explicit valence for atom # 1 N, 6, is greater than permitted
[20:07:06] Explicit valence for atom # 1 N, 6, is greater than permitted
[20:07:06] Explicit valence for atom # 1 N, 6, is greater than permitted
[20:07:06] Explicit valence for atom # 1 N, 6, is greater than permitted
[20:07:06] Explicit valence for atom # 1 N, 6, is greater than permitted
[20:07:06] Explicit valence for atom # 1 N, 6, is greater than permitted
[20:07:06] Explicit valence for atom # 1 N, 6, is greater than permitted
[20:07:06] Explicit valence for atom # 1 N, 6, is greater than permitted
[20:07:06] Explicit valence for atom # 1 N, 6, is greater than permitted
[20:07:06] Explicit valence for atom # 1 N, 6, is greater than permitted
[20:07:06] Explicit valence for atom # 1 N, 6, is greater than permitted
[20:07:06] Explicit valence for atom # 1 N, 6, is greater than permitted
[20:07:06] Explicit valence for atom # 1 N, 6, is greater than permitted
[20:07:06] Explicit valence for atom # 1 N, 6, is greater than permitted
[20:07:06] Explicit valence for atom # 1 N, 6, is greater than permitted
[20:07:06] Explicit valence for atom # 1 N, 6, is greater than permitted
[20:07:06] Explicit valence for atom # 1 N, 6, is greater than permitted
[20:07:06] Explicit valence for atom # 1 N, 6, is greater than permitted
[20:07:06] Explicit valence for atom # 1 N, 6, is greater than permitted
[20:07:06] Explicit valence for atom # 1 N, 6, is greater than permitted
[20:07:06] Explicit valence for atom # 1 N, 6, is greater than permitted
[20:07:06] Explicit valence for atom # 1 N, 6, is greater than permitted
[20:07:06] Explicit valence for atom # 1 N, 6, is greater than permitted
[20:07:06] Explicit valence for atom # 1 N, 6, is greater than permitted
[20:07:06] Explicit valence for atom # 1 N, 6, is greater than permitted
[20:07:06] Explicit valence for atom # 1 N, 6, is greater than permitted
[20:07:06] Explicit valence for atom # 1 N, 6, is greater than permitted
[20:07:06] Explicit valence for atom # 1 N, 6, is greater than permitted
[20:07:06] Explicit valence for atom # 1 N, 6, is greater than permitted
[20:07:06] Explicit valence for atom # 1 N, 6, is greater than permitted
[20:07:06] Explicit valence for atom # 1 N, 6, is greater than permitted
[20:07:06] Explicit valence for atom # 1 N, 6, is greater than permitted
[20:07:06] Explicit valence for atom # 1 N, 6, is greater than permitted
[20:07:06] Explicit valence for atom # 1 N, 6, is greater than permitted
[20:07:06] Explicit valence for atom # 1 N, 6, is greater than permitted
[20:07:06] Explicit valence for atom # 1 N, 6, is greater than permitted
[20:07:06] Explicit valence for atom # 1 N, 6, is greater than permitted
[20:07:06] Explicit valence for atom # 1 N, 6, is greater than permitted
[20:07:06] Explicit valence for atom # 1 N, 6, is greater than permitted
[20:07:06] Explicit valence for atom # 1 N, 6, is greater than permitted
[20:07:06] Explicit valence for atom # 1 N, 6, is greater than permitted
[20:07:06] Explicit valence for atom # 1 N, 6, is greater than permitted
[20:07:06] Explicit valence for atom # 1 N, 6, is greater than permitted
[20:07:06] Explicit valence for atom # 1 N, 6, is greater than permitted
[20:07:06] Explicit valence for atom # 1 N, 6, is greater than permitted
[20:07:06] Explicit valence for atom # 1 N, 6, is greater than permitted
[20:07:06] Explicit valence for atom # 1 N, 6, is greater than permitted
[20:07:06] Explicit valence for atom # 1 N, 6, is greater than permitted
[20:07:06] Explicit valence for atom # 1 N, 6, is greater than permitted
[20:07:06] Explicit valence for atom # 1 N, 6, is greater than permitted
[20:07:06] Explicit valence for atom # 1 N, 6, is greater than permitted
[20:07:06] Explicit valence for atom # 1 N, 6, is greater than permitted
[20:07:06] Explicit valence for atom # 1 N, 6, is greater than permitted
[20:07:06] Explicit valence for atom # 1 N, 6, is greater than permitted
[20:07:06] Explicit valence for atom # 1 N, 6, is greater than permitted
[20:07:06] Explicit valence for atom # 1 N, 6, is greater than permitted
[20:07:06] Explicit valence for atom # 1 N, 6, is greater than permitted
[20:07:06] Explicit valence for atom # 1 N, 6, is greater than permitted
[20:07:06] Explicit valence for atom # 1 N, 6, is greater than permitted
[20:07:06] Explicit valence for atom # 1 N, 6, is greater than permitted
[20:07:06] Explicit valence for atom # 1 N, 6, is greater than permitted
[20:07:06] Explicit valence for atom # 1 N, 6, is greater than permitted
[20:07:06] Explicit valence for atom # 1 N, 6, is greater than permitted
[20:07:06] Explicit valence for atom # 1 N, 6, is greater than permitted
[20:07:06] Explicit valence for atom # 1 N, 6, is greater than permitted
[20:07:06] Explicit valence for atom # 1 N, 6, is greater than permitted
[20:07:06] Explicit valence for atom # 1 N, 6, is greater than permitted
[20:07:06] Explicit valence for atom # 1 N, 6, is greater than permitted
[20:07:06] Explicit valence for atom # 1 N, 6, is greater than permitted
[20:07:06] Explicit valence for atom # 1 N, 6, is greater than permitted
[20:07:06] Explicit valence for atom # 1 N, 6, is greater than permitted
[20:07:06] Explicit valence for atom # 1 N, 6, is greater than permitted
[20:07:06] Explicit valence for atom # 1 N, 6, is greater than permitted
[20:07:06] Explicit valence for atom # 1 N, 6, is greater than permitted
[20:07:06] Explicit valence for atom # 1 N, 6, is greater than permitted
[20:07:06] Explicit valence for atom # 1 N, 6, is greater than permitted
[20:07:06] Explicit valence for atom # 1 N, 6, is greater than permitted
[20:07:06] Explicit valence for atom # 1 N, 6, is greater than permitted
[20:07:06] Explicit valence for atom # 1 N, 6, is greater than permitted
[20:07:06] Explicit valence for atom # 1 N, 6, is greater than permitted
[20:07:06] Explicit valence for atom # 1 N, 6, is greater than permitted
[20:07:06] Explicit valence for atom # 1 N, 6, is greater than permitted
[20:07:06] Explicit valence for atom # 1 N, 6, is greater than permitted
[20:07:06] Explicit valence for atom # 1 N, 6, is greater than permitted
[20:07:06] Explicit valence for atom # 1 N, 6, is greater than permitted
[20:07:06] Explicit valence for atom # 1 N, 6, is greater than permitted
[20:07:06] Explicit valence for atom # 1 N, 6, is greater than permitted
[20:07:06] Explicit valence for atom # 1 N, 6, is greater than permitted
[20:07:06] Explicit valence for atom # 1 N, 6, is greater than permitted
[20:07:06] Explicit valence for atom # 1 N, 6, is greater than permitted
[20:07:06] Explicit valence for atom # 1 N, 6, is greater than permitted
[20:07:06] Explicit valence for atom # 1 N, 6, is greater than permitted
[20:07:06] Explicit valence for atom # 1 N, 6, is greater than permitted
[20:07:06] Explicit valence for atom # 1 N, 6, is greater than permitted
[20:07:06] Explicit valence for atom # 1 N, 6, is greater than permitted
[20:07:06] Explicit valence for atom # 1 N, 6, is greater than permitted
[20:07:06] Explicit valence for atom # 1 N, 6, is greater than permitted
[20:07:06] Explicit valence for atom # 1 N, 6, is greater than permitted
[20:07:06] Explicit valence for atom # 1 N, 6, is greater than permitted
[20:07:06] Explicit valence for atom # 1 N, 6, is greater than permitted
[20:07:06] Explicit valence for atom # 1 N, 6, is greater than permitted
[20:07:06] Explicit valence for atom # 1 N, 6, is greater than permitted
[20:07:06] Explicit valence for atom # 1 N, 6, is greater than permitted
[20:07:06] Explicit valence for atom # 1 N, 6, is greater than permitted
[20:07:06] Explicit valence for atom # 1 N, 6, is greater than permitted
[20:07:06] Explicit valence for atom # 1 N, 6, is greater than permitted
[20:07:06] Explicit valence for atom # 1 N, 6, is greater than permitted
[20:07:06] Explicit valence for atom # 1 N, 6, is greater than permitted
[20:07:06] Explicit valence for atom # 1 N, 6, is greater than permitted
[20:07:06] Explicit valence for atom # 1 N, 6, is greater than permitted
[20:07:06] Explicit valence for atom # 1 N, 6, is greater than permitted
[20:07:06] Explicit valence for atom # 1 N, 6, is greater than permitted
[20:07:06] Explicit valence for atom # 1 N, 6, is greater than permitted
[20:07:06] Explicit valence for atom # 1 N, 6, is greater than permitted
[20:07:06] Explicit valence for atom # 1 N, 6, is greater than permitted
[20:07:06] Explicit valence for atom # 1 N, 6, is greater than permitted
[20:07:06] Explicit valence for atom # 1 N, 6, is greater than permitted
[20:07:06] Explicit valence for atom # 1 N, 6, is greater than permitted
[20:07:06] Explicit valence for atom # 1 N, 6, is greater than permitted
[20:07:06] Explicit valence for atom # 1 N, 6, is greater than permitted
[20:07:06] Explicit valence for atom # 1 N, 6, is greater than permitted
[20:07:06] Explicit valence for atom # 1 N, 6, is greater than permitted
[20:07:06] Explicit valence for atom # 1 N, 6, is greater than permitted
[20:07:06] Explicit valence for atom # 1 N, 6, is greater than permitted
[20:07:06] Explicit valence for atom # 1 N, 6, is greater than permitted
[20:07:06] Explicit valence for atom # 1 N, 6, is greater than permitted
[20:07:06] Explicit valence for atom # 1 N, 6, is greater than permitted
[20:07:06] Explicit valence for atom # 1 N, 6, is greater than permitted
[20:07:06] Explicit valence for atom # 1 N, 6, is greater than permitted
[20:07:06] Explicit valence for atom # 1 N, 6, is greater than permitted
[20:07:06] Explicit valence for atom # 1 N, 6, is greater than permitted
[20:07:06] Explicit valence for atom # 1 N, 6, is greater than permitted
[20:07:06] Explicit valence for atom # 1 N, 6, is greater than permitted
[20:07:06] Explicit valence for atom # 1 N, 6, is greater than permitted
[20:07:06] Explicit valence for atom # 1 N, 6, is greater than permitted
[20:07:06] Explicit valence for atom # 1 N, 6, is greater than permitted
[20:07:06] Explicit valence for atom # 1 N, 6, is greater than permitted
[20:07:06] Explicit valence for atom # 1 N, 6, is greater than permitted
[20:07:06] Explicit valence for atom # 1 N, 6, is greater than permitted
[20:07:06] Explicit valence for atom # 1 N, 6, is greater than permitted
[20:07:06] Explicit valence for atom # 1 N, 6, is greater than permitted
[20:07:07] Explicit valence for atom # 1 N, 6, is greater than permitted
[20:07:07] Explicit valence for atom # 1 N, 6, is greater than permitted
[20:07:07] Explicit valence for atom # 1 N, 6, is greater than permitted
[20:07:07] Explicit valence for atom # 1 N, 6, is greater than permitted
[20:07:07] Explicit valence for atom # 1 N, 6, is greater than permitted
[20:07:07] Explicit valence for atom # 1 N, 6, is greater than permitted
[20:07:07] Explicit valence for atom # 1 N, 6, is greater than permitted
[20:07:07] Explicit valence for atom # 1 N, 6, is greater than permitted
[20:07:07] Explicit valence for atom # 1 N, 6, is greater than permitted
[20:07:07] Explicit valence for atom # 1 N, 6, is greater than permitted
[20:07:07] Explicit valence for atom # 1 N, 6, is greater than permitted
[20:07:07] Explicit valence for atom # 1 N, 6, is greater than permitted
[20:07:07] Explicit valence for atom # 1 N, 6, is greater than permitted
[20:07:07] Explicit valence for atom # 1 N, 6, is greater than permitted
[20:07:07] Explicit valence for atom # 1 N, 6, is greater than permitted
[20:07:07] Explicit valence for atom # 1 N, 6, is greater than permitted
[20:07:07] Explicit valence for atom # 1 N, 6, is greater than permitted
[20:07:07] Explicit valence for atom # 1 N, 6, is greater than permitted
[20:07:07] Explicit valence for atom # 1 N, 6, is greater than permitted
[20:07:07] Explicit valence for atom # 1 N, 6, is greater than permitted
[20:07:07] Explicit valence for atom # 1 N, 6, is greater than permitted
[20:07:07] Explicit valence for atom # 1 N, 6, is greater than permitted
[20:07:07] Explicit valence for atom # 1 N, 6, is greater than permitted
[20:07:07] Explicit valence for atom # 1 N, 6, is greater than permitted
[20:07:07] Explicit valence for atom # 1 N, 6, is greater than permitted
[20:07:07] Explicit valence for atom # 1 N, 6, is greater than permitted
[20:07:07] Explicit valence for atom # 1 N, 6, is greater than permitted
[20:07:07] Explicit valence for atom # 1 N, 6, is greater than permitted
[20:07:07] Explicit valence for atom # 1 N, 6, is greater than permitted
[20:07:07] Explicit valence for atom # 1 N, 6, is greater than permitted
[20:07:07] Explicit valence for atom # 1 N, 6, is greater than permitted
[20:07:07] Explicit valence for atom # 1 N, 6, is greater than permitted
[20:07:07] Explicit valence for atom # 1 N, 6, is greater than permitted
[20:07:07] Explicit valence for atom # 1 N, 6, is greater than permitted
[20:07:07] Explicit valence for atom # 1 N, 6, is greater than permitted
[20:07:07] Explicit valence for atom # 1 N, 6, is greater than permitted
[20:07:07] Explicit valence for atom # 1 N, 6, is greater than permitted
[20:07:07] Explicit valence for atom # 1 N, 6, is greater than permitted
[20:07:07] Explicit valence for atom # 1 N, 6, is greater than permitted
[20:07:07] Explicit valence for atom # 1 N, 6, is greater than permitted
[20:07:07] Explicit valence for atom # 1 N, 6, is greater than permitted
[20:07:07] Explicit valence for atom # 1 N, 6, is greater than permitted
[20:07:07] Explicit valence for atom # 1 N, 6, is greater than permitted
[20:07:07] Explicit valence for atom # 1 N, 6, is greater than permitted
[20:07:07] Explicit valence for atom # 1 N, 6, is greater than permitted
[20:07:07] Explicit valence for atom # 1 N, 6, is greater than permitted
[20:07:07] Explicit valence for atom # 1 N, 6, is greater than permitted
[20:07:07] Explicit valence for atom # 1 N, 6, is greater than permitted
[20:07:07] Explicit valence for atom # 1 N, 6, is greater than permitted
[20:07:07] Explicit valence for atom # 1 N, 6, is greater than permitted
[20:07:07] Explicit valence for atom # 1 N, 6, is greater than permitted
[20:07:07] Explicit valence for atom # 1 N, 6, is greater than permitted
[20:07:07] Explicit valence for atom # 1 N, 6, is greater than permitted
[20:07:07] Explicit valence for atom # 1 N, 6, is greater than permitted
[20:07:07] Explicit valence for atom # 1 N, 6, is greater than permitted
[20:07:07] Explicit valence for atom # 1 N, 6, is greater than permitted
[20:07:07] Explicit valence for atom # 1 N, 6, is greater than permitted
[20:07:07] Explicit valence for atom # 1 N, 6, is greater than permitted
[20:07:07] Explicit valence for atom # 1 N, 6, is greater than permitted
[20:07:07] Explicit valence for atom # 1 N, 6, is greater than permitted
[20:07:07] Explicit valence for atom # 1 N, 6, is greater than permitted
[20:07:07] Explicit valence for atom # 1 N, 6, is greater than permitted
[20:07:07] Explicit valence for atom # 1 N, 6, is greater than permitted
[20:07:07] Explicit valence for atom # 1 N, 6, is greater than permitted
[20:07:07] Explicit valence for atom # 1 N, 6, is greater than permitted
[20:07:07] Explicit valence for atom # 1 N, 6, is greater than permitted
[20:07:07] Explicit valence for atom # 1 N, 6, is greater than permitted
[20:07:07] Explicit valence for atom # 1 N, 6, is greater than permitted
[20:07:07] Explicit valence for atom # 1 N, 6, is greater than permitted
[20:07:07] Explicit valence for atom # 1 N, 6, is greater than permitted
[20:07:07] Explicit valence for atom # 1 N, 6, is greater than permitted
[20:07:07] Explicit valence for atom # 1 N, 6, is greater than permitted
[20:07:07] Explicit valence for atom # 1 N, 6, is greater than permitted
[20:07:07] Explicit valence for atom # 1 N, 6, is greater than permitted
[20:07:07] Explicit valence for atom # 1 N, 6, is greater than permitted
[20:07:07] Explicit valence for atom # 1 N, 6, is greater than permitted
[20:07:07] Explicit valence for atom # 1 N, 6, is greater than permitted
[20:07:07] Explicit valence for atom # 1 N, 6, is greater than permitted
[20:07:07] Explicit valence for atom # 1 N, 6, is greater than permitted
[20:07:07] Explicit valence for atom # 1 N, 6, is greater than permitted
[20:07:07] Explicit valence for atom # 1 N, 6, is greater than permitted
[20:07:07] Explicit valence for atom # 1 N, 6, is greater than permitted
[20:07:07] Explicit valence for atom # 1 N, 6, is greater than permitted
[20:07:07] Explicit valence for atom # 1 N, 6, is greater than permitted
[20:07:07] Explicit valence for atom # 1 N, 6, is greater than permitted
[20:07:07] Explicit valence for atom # 1 N, 6, is greater than permitted
[20:07:07] Explicit valence for atom # 1 N, 6, is greater than permitted
[20:07:07] Explicit valence for atom # 1 N, 6, is greater than permitted
[20:07:07] Explicit valence for atom # 1 N, 6, is greater than permitted
[20:07:07] Explicit valence for atom # 1 N, 6, is greater than permitted
[20:07:07] Explicit valence for atom # 1 N, 6, is greater than permitted
[20:07:07] Explicit valence for atom # 1 N, 6, is greater than permitted
[20:07:07] Explicit valence for atom # 1 N, 6, is greater than permitted
[20:07:07] Explicit valence for atom # 1 N, 6, is greater than permitted
[20:07:07] Explicit valence for atom # 1 N, 6, is greater than permitted
[20:07:07] Explicit valence for atom # 1 N, 6, is greater than permitted
[20:07:07] Explicit valence for atom # 1 N, 6, is greater than permitted
[20:07:07] Explicit valence for atom # 1 N, 6, is greater than permitted
[20:07:07] Explicit valence for atom # 1 N, 6, is greater than permitted
[20:07:07] Explicit valence for atom # 1 N, 6, is greater than permitted
[20:07:07] Explicit valence for atom # 1 N, 6, is greater than permitted
[20:07:07] Explicit valence for atom # 1 N, 6, is greater than permitted
[20:07:07] Explicit valence for atom # 1 N, 6, is greater than permitted
[20:07:07] Explicit valence for atom # 1 N, 6, is greater than permitted
[20:07:07] Explicit valence for atom # 1 N, 6, is greater than permitted
[20:07:07] Explicit valence for atom # 1 N, 6, is greater than permitted
[20:07:07] Explicit valence for atom # 1 N, 6, is greater than permitted
[20:07:07] Explicit valence for atom # 1 N, 6, is greater than permitted
[20:07:07] Explicit valence for atom # 1 N, 6, is greater than permitted
[20:07:07] Explicit valence for atom # 1 N, 6, is greater than permitted
[20:07:07] Explicit valence for atom # 1 N, 6, is greater than permitted
[20:07:07] Explicit valence for atom # 1 N, 6, is greater than permitted
[20:07:07] Explicit valence for atom # 1 N, 6, is greater than permitted
[20:07:07] Explicit valence for atom # 1 N, 6, is greater than permitted
[20:07:07] Explicit valence for atom # 1 N, 6, is greater than permitted
[20:07:07] Explicit valence for atom # 1 N, 6, is greater than permitted
[20:07:07] Explicit valence for atom # 1 N, 6, is greater than permitted
[20:07:07] Explicit valence for atom # 1 N, 6, is greater than permitted
[20:07:07] Explicit valence for atom # 1 N, 6, is greater than permitted
[20:07:07] Explicit valence for atom # 1 N, 6, is greater than permitted
[20:07:07] Explicit valence for atom # 1 N, 6, is greater than permitted
[20:07:07] Explicit valence for atom # 1 N, 6, is greater than permitted
[20:07:07] Explicit valence for atom # 1 N, 6, is greater than permitted
[20:07:07] Explicit valence for atom # 1 N, 6, is greater than permitted
[20:07:07] Explicit valence for atom # 1 N, 6, is greater than permitted
[20:07:07] Explicit valence for atom # 1 N, 6, is greater than permitted
[20:07:07] Explicit valence for atom # 1 N, 6, is greater than permitted
[20:07:07] Explicit valence for atom # 1 N, 6, is greater than permitted
[20:07:07] Explicit valence for atom # 1 N, 6, is greater than permitted
/home/wch/workspaces/DAPiGen-reproduction/envs/dapigen-py38/lib/python3.8/site-packages/dgl/heterograph.py:92: DGLWarning: Recommend creating graphs by `dgl.graph(data)` instead of `dgl.DGLGraph(data)`.
  dgl_warning(
[20:07:39] Explicit valence for atom # 1 N, 4, is greater than permitted
[20:07:39] Explicit valence for atom # 1 N, 4, is greater than permitted
[20:07:39] Explicit valence for atom # 1 N, 4, is greater than permitted
[20:07:39] Explicit valence for atom # 1 N, 4, is greater than permitted
[20:07:39] Explicit valence for atom # 1 N, 4, is greater than permitted
[20:07:39] Explicit valence for atom # 1 N, 4, is greater than permitted
[20:07:39] Explicit valence for atom # 1 N, 4, is greater than permitted
[20:07:39] Explicit valence for atom # 1 N, 4, is greater than permitted
[20:07:41] Explicit valence for atom # 1 N, 6, is greater than permitted
[20:07:41] Explicit valence for atom # 1 N, 6, is greater than permitted
[20:07:41] Explicit valence for atom # 1 N, 6, is greater than permitted
[20:07:41] Explicit valence for atom # 1 N, 6, is greater than permitted
[20:07:46] Explicit valence for atom # 1 N, 6, is greater than permitted
[20:07:46] Explicit valence for atom # 1 N, 6, is greater than permitted
[20:07:46] Explicit valence for atom # 1 N, 6, is greater than permitted
[20:07:46] Explicit valence for atom # 1 N, 6, is greater than permitted
[20:07:48] Explicit valence for atom # 1 N, 5, is greater than permitted
[20:07:48] Explicit valence for atom # 1 N, 5, is greater than permitted
[20:07:48] Explicit valence for atom # 1 N, 5, is greater than permitted
[20:07:48] Explicit valence for atom # 1 N, 5, is greater than permitted
[20:07:48] Explicit valence for atom # 1 N, 5, is greater than permitted
[20:07:48] Explicit valence for atom # 1 N, 5, is greater than permitted
[20:07:48] Explicit valence for atom # 1 N, 5, is greater than permitted
[20:07:48] Explicit valence for atom # 1 N, 5, is greater than permitted
[20:07:48] Explicit valence for atom # 1 N, 5, is greater than permitted
[20:07:48] Explicit valence for atom # 1 N, 5, is greater than permitted
[20:07:48] Explicit valence for atom # 1 N, 5, is greater than permitted
[20:07:48] Explicit valence for atom # 1 N, 5, is greater than permitted
[20:07:50] Explicit valence for atom # 1 N, 4, is greater than permitted
[20:07:50] Explicit valence for atom # 1 N, 4, is greater than permitted
[20:07:50] Explicit valence for atom # 1 N, 4, is greater than permitted
[20:07:50] Explicit valence for atom # 1 N, 4, is greater than permitted
[20:07:50] Explicit valence for atom # 1 N, 4, is greater than permitted
[20:07:50] Explicit valence for atom # 1 N, 4, is greater than permitted
[20:07:50] Explicit valence for atom # 1 N, 4, is greater than permitted
[20:07:50] Explicit valence for atom # 1 N, 4, is greater than permitted
Asking to truncate to max_length but no maximum length is provided and the model has no predefined maximum length. Default to no truncation.
/home/wch/workspaces/DAPiGen-reproduction/envs/dapigen-py38/lib/python3.8/site-packages/dgl/heterograph.py:92: DGLWarning: Recommend creating graphs by `dgl.graph(data)` instead of `dgl.DGLGraph(data)`.
  dgl_warning(
Asking to truncate to max_length but no maximum length is provided and the model has no predefined maximum length. Default to no truncation.
